Phase 2 robustness batch: 9 runs
output_root=/content/drive/MyDrive/FYP/phase2_1b/results
checkpoint_root=/content/drive/MyDrive/FYP/phase2_1b/checkpoints
log_root=/content/drive/MyDrive/FYP/phase2_1b/logs
[1/9] imadl_seed42_cap05
  OK
[2/9] imadl_seed52_cap05
  OK
[3/9] imadl_seed62_cap05
  OK
[4/9] gmadl_seed42_cap05
  OK
[5/9] gmadl_seed52_cap05
  OK
[6/9] gmadl_seed62_cap05
  OK
[7/9] hybrid_mul_seed42_cap05
  OK
[8/9] hybrid_mul_seed52_cap05
  OK
[9/9] hybrid_mul_seed62_cap05
  OK
Summary: successful=9 skipped=0 failed=0 total=9
