=== Sanity Check: Static 5Y Train / 6M Test ===
Loaded 3197287 rows from raw panel.
Using MLPConfig: MLPConfig(input_dim=15, hidden_dims=[64, 32, 16], activation='tanh', dropout=0.0)
Epoch 1/20 finished for HYBRID_MUL.
Epoch 5/20 finished for HYBRID_MUL.
Epoch 10/20 finished for HYBRID_MUL.
Epoch 15/20 finished for HYBRID_MUL.
Epoch 20/20 finished for HYBRID_MUL.
Rebalancing monthly: Top 10% predictions -> Long, Bottom 10% -> Short.
Month 1995-01 | HYBRID_MUL | MSE 0.043949 | MedSE 0.003055 | R2 -0.0019 | Long 0.0401 | Short 0.0322 | Long-Short 0.0079
Month 1995-02 | HYBRID_MUL | MSE 0.023890 | MedSE 0.004119 | R2 -0.0231 | Long 0.0094 | Short 0.0529 | Long-Short -0.0435
Month 1995-03 | HYBRID_MUL | MSE 0.025305 | MedSE 0.003284 | R2 -0.0095 | Long 0.0227 | Short 0.0197 | Long-Short 0.0030
Month 1995-04 | HYBRID_MUL | MSE 0.029126 | MedSE 0.003491 | R2 -0.0130 | Long 0.0380 | Short 0.0135 | Long-Short 0.0244
Month 1995-05 | HYBRID_MUL | MSE 0.031632 | MedSE 0.003668 | R2 -0.0040 | Long 0.0375 | Short 0.0925 | Long-Short -0.0550
Month 1995-06 | HYBRID_MUL | MSE 0.030397 | MedSE 0.003781 | R2 -0.0073 | Long 0.0372 | Short 0.0908 | Long-Short -0.0536
Month 1995-07 | HYBRID_MUL | MSE 0.033871 | MedSE 0.003872 | R2 -0.0015 | Long 0.0408 | Short 0.0238 | Long-Short 0.0170
Month 1995-08 | HYBRID_MUL | MSE 0.024124 | MedSE 0.003125 | R2 -0.0072 | Long 0.0360 | Short 0.0222 | Long-Short 0.0139
Month 1995-09 | HYBRID_MUL | MSE 0.025574 | MedSE 0.007133 | R2 -0.3486 | Long -0.0410 | Short -0.0637 | Long-Short 0.0227
Month 1995-10 | HYBRID_MUL | MSE 0.023710 | MedSE 0.003773 | R2 -0.0301 | Long -0.0014 | Short 0.0570 | Long-Short -0.0584
Month 1995-11 | HYBRID_MUL | MSE 0.028308 | MedSE 0.004516 | R2 -0.0331 | Long 0.0238 | Short -0.0172 | Long-Short 0.0410
Month 1995-12 | HYBRID_MUL | MSE 0.031316 | MedSE 0.004611 | R2 -0.0001 | Long 0.0238 | Short 0.0101 | Long-Short 0.0137
Month 1996-01 | HYBRID_MUL | MSE 0.029864 | MedSE 0.003995 | R2 -0.0034 | Long 0.0357 | Short 0.0402 | Long-Short -0.0045
Month 1996-02 | HYBRID_MUL | MSE 0.023509 | MedSE 0.004051 | R2 -0.0084 | Long 0.0411 | Short 0.0163 | Long-Short 0.0248
Month 1996-03 | HYBRID_MUL | MSE 0.034775 | MedSE 0.004618 | R2 -0.0077 | Long 0.0463 | Short 0.1078 | Long-Short -0.0616
Month 1996-04 | HYBRID_MUL | MSE 0.058858 | MedSE 0.003858 | R2 -0.0093 | Long 0.0525 | Short 0.0624 | Long-Short -0.0099
Month 1996-05 | HYBRID_MUL | MSE 0.022840 | MedSE 0.005252 | R2 -0.2421 | Long 0.0081 | Short -0.0434 | Long-Short 0.0515
Month 1996-06 | HYBRID_MUL | MSE 0.032798 | MedSE 0.010653 | R2 -0.6380 | Long -0.0505 | Short -0.1290 | Long-Short 0.0786
Month 1996-07 | HYBRID_MUL | MSE 0.021281 | MedSE 0.002814 | R2 -0.0029 | Long 0.0350 | Short 0.0596 | Long-Short -0.0247
Month 1996-08 | HYBRID_MUL | MSE 0.021089 | MedSE 0.003388 | R2 -0.0100 | Long 0.0283 | Short 0.0483 | Long-Short -0.0200
Month 1996-09 | HYBRID_MUL | MSE 0.024181 | MedSE 0.005037 | R2 -0.1566 | Long 0.0015 | Short -0.0453 | Long-Short 0.0468
Month 1996-10 | HYBRID_MUL | MSE 0.023583 | MedSE 0.003702 | R2 -0.0067 | Long 0.0367 | Short 0.0212 | Long-Short 0.0156
Month 1996-11 | HYBRID_MUL | MSE 0.024824 | MedSE 0.004697 | R2 -0.0810 | Long 0.0197 | Short -0.0179 | Long-Short 0.0376
Month 1996-12 | HYBRID_MUL | MSE 0.039437 | MedSE 0.004513 | R2 -0.0162 | Long 0.0505 | Short 0.0782 | Long-Short -0.0277
Saved metrics for HYBRID_MUL to /content/drive/MyDrive/FYP/phase2_1b/results/hybrid_mul_seed42_cap05/sanity_metrics_hybrid_mul.csv
Wrote summary to /content/drive/MyDrive/FYP/phase2_1b/results/hybrid_mul_seed42_cap05/sanity_summary_hybrid_mul.json
Long-Short stats | Cumulative 0.0230 | Std 0.0382 | Sharpe 0.1495
Loss curve saved to /content/drive/MyDrive/FYP/phase2_1b/results/hybrid_mul_seed42_cap05/hybrid_mul_loss_curve.png
Long-Short return curve saved to /content/drive/MyDrive/FYP/phase2_1b/results/hybrid_mul_seed42_cap05/hybrid_mul_returns_curve.png
HYBRID_MUL 实验完成。

提示：批量比较 7 个 loss 时，请使用对应 runner 或 run_all_experiments.py。
run_id=hybrid_mul_seed42_cap05
started_at=2026-04-30T09:26:59.891765+00:00
command=/usr/bin/python3 run_sanity_check_hybrid_mul.py --data-dir /content/FYP --pattern *.csv --lookback-months 12 --train-start 1990-01 --train-end 1994-12 --test-start 1995-01 --test-months 24 --best-config-path best_hyperparameters.txt --max-epochs 20 --batch-size 1024 --seed 42 --max-weight 0.05 --output-dir /content/drive/MyDrive/FYP/phase2_1b/results/hybrid_mul_seed42_cap05 --checkpoint-dir /content/drive/MyDrive/FYP/phase2_1b/checkpoints/hybrid_mul_seed42_cap05 --resume-mode auto

