=== Sanity Check: Static 5Y Train / 6M Test ===
Loaded 3197287 rows from raw panel.
Using MLPConfig: MLPConfig(input_dim=15, hidden_dims=[64, 32, 16], activation='tanh', dropout=0.0)
Epoch 1/20 finished for HYBRID_MUL.
Epoch 5/20 finished for HYBRID_MUL.
Epoch 10/20 finished for HYBRID_MUL.
Epoch 15/20 finished for HYBRID_MUL.
Epoch 20/20 finished for HYBRID_MUL.
Rebalancing monthly: Top 10% predictions -> Long, Bottom 10% -> Short.
Month 1995-01 | HYBRID_MUL | MSE 0.044002 | MedSE 0.003108 | R2 -0.0031 | Long 0.0393 | Short 0.0173 | Long-Short 0.0220
Month 1995-02 | HYBRID_MUL | MSE 0.024005 | MedSE 0.004289 | R2 -0.0280 | Long 0.0496 | Short 0.0467 | Long-Short 0.0029
Month 1995-03 | HYBRID_MUL | MSE 0.025408 | MedSE 0.003344 | R2 -0.0136 | Long 0.0224 | Short 0.0163 | Long-Short 0.0061
Month 1995-04 | HYBRID_MUL | MSE 0.029250 | MedSE 0.003616 | R2 -0.0174 | Long 0.0233 | Short 0.0001 | Long-Short 0.0232
Month 1995-05 | HYBRID_MUL | MSE 0.031552 | MedSE 0.003803 | R2 -0.0015 | Long 0.0773 | Short 0.0854 | Long-Short -0.0081
Month 1995-06 | HYBRID_MUL | MSE 0.030296 | MedSE 0.003899 | R2 -0.0039 | Long 0.0583 | Short 0.1034 | Long-Short -0.0451
Month 1995-07 | HYBRID_MUL | MSE 0.033918 | MedSE 0.004034 | R2 -0.0029 | Long 0.0244 | Short 0.0012 | Long-Short 0.0232
Month 1995-08 | HYBRID_MUL | MSE 0.024251 | MedSE 0.003258 | R2 -0.0125 | Long 0.0187 | Short 0.0245 | Long-Short -0.0058
Month 1995-09 | HYBRID_MUL | MSE 0.026181 | MedSE 0.007464 | R2 -0.3806 | Long -0.0502 | Short -0.0607 | Long-Short 0.0105
Month 1995-10 | HYBRID_MUL | MSE 0.023855 | MedSE 0.003823 | R2 -0.0364 | Long 0.0368 | Short 0.0348 | Long-Short 0.0020
Month 1995-11 | HYBRID_MUL | MSE 0.028545 | MedSE 0.004703 | R2 -0.0418 | Long 0.0117 | Short 0.0072 | Long-Short 0.0044
Month 1995-12 | HYBRID_MUL | MSE 0.031343 | MedSE 0.004758 | R2 -0.0010 | Long 0.0601 | Short -0.0056 | Long-Short 0.0658
Month 1996-01 | HYBRID_MUL | MSE 0.029917 | MedSE 0.004156 | R2 -0.0052 | Long 0.0458 | Short 0.0406 | Long-Short 0.0052
Month 1996-02 | HYBRID_MUL | MSE 0.023600 | MedSE 0.004265 | R2 -0.0123 | Long 0.0473 | Short 0.0117 | Long-Short 0.0356
Month 1996-03 | HYBRID_MUL | MSE 0.034649 | MedSE 0.004837 | R2 -0.0041 | Long 0.0591 | Short 0.1095 | Long-Short -0.0505
Month 1996-04 | HYBRID_MUL | MSE 0.058698 | MedSE 0.004001 | R2 -0.0066 | Long 0.0541 | Short 0.0710 | Long-Short -0.0169
Month 1996-05 | HYBRID_MUL | MSE 0.023359 | MedSE 0.005636 | R2 -0.2703 | Long -0.0329 | Short -0.1290 | Long-Short 0.0961
Month 1996-06 | HYBRID_MUL | MSE 0.033673 | MedSE 0.011295 | R2 -0.6817 | Long -0.0778 | Short -0.1455 | Long-Short 0.0677
Month 1996-07 | HYBRID_MUL | MSE 0.021243 | MedSE 0.002887 | R2 -0.0011 | Long 0.0562 | Short 0.0640 | Long-Short -0.0078
Month 1996-08 | HYBRID_MUL | MSE 0.021163 | MedSE 0.003517 | R2 -0.0136 | Long 0.0286 | Short 0.0608 | Long-Short -0.0323
Month 1996-09 | HYBRID_MUL | MSE 0.024618 | MedSE 0.005195 | R2 -0.1775 | Long -0.0174 | Short -0.0487 | Long-Short 0.0313
Month 1996-10 | HYBRID_MUL | MSE 0.023679 | MedSE 0.003684 | R2 -0.0108 | Long 0.0374 | Short 0.0218 | Long-Short 0.0156
Month 1996-11 | HYBRID_MUL | MSE 0.025173 | MedSE 0.004916 | R2 -0.0961 | Long -0.0206 | Short -0.0014 | Long-Short -0.0192
Month 1996-12 | HYBRID_MUL | MSE 0.039241 | MedSE 0.004611 | R2 -0.0111 | Long 0.0715 | Short 0.0874 | Long-Short -0.0158
Saved metrics for HYBRID_MUL to /content/drive/MyDrive/FYP/phase2_1b/results/hybrid_mul_seed52_cap05/sanity_metrics_hybrid_mul.csv
Wrote summary to /content/drive/MyDrive/FYP/phase2_1b/results/hybrid_mul_seed52_cap05/sanity_summary_hybrid_mul.json
Long-Short stats | Cumulative 0.2166 | Std 0.0344 | Sharpe 0.8814
Loss curve saved to /content/drive/MyDrive/FYP/phase2_1b/results/hybrid_mul_seed52_cap05/hybrid_mul_loss_curve.png
Long-Short return curve saved to /content/drive/MyDrive/FYP/phase2_1b/results/hybrid_mul_seed52_cap05/hybrid_mul_returns_curve.png
HYBRID_MUL 实验完成。

提示：批量比较 7 个 loss 时，请使用对应 runner 或 run_all_experiments.py。
run_id=hybrid_mul_seed52_cap05
started_at=2026-04-30T09:31:45.956630+00:00
command=/usr/bin/python3 run_sanity_check_hybrid_mul.py --data-dir /content/FYP --pattern *.csv --lookback-months 12 --train-start 1990-01 --train-end 1994-12 --test-start 1995-01 --test-months 24 --best-config-path best_hyperparameters.txt --max-epochs 20 --batch-size 1024 --seed 52 --max-weight 0.05 --output-dir /content/drive/MyDrive/FYP/phase2_1b/results/hybrid_mul_seed52_cap05 --checkpoint-dir /content/drive/MyDrive/FYP/phase2_1b/checkpoints/hybrid_mul_seed52_cap05 --resume-mode auto

