=== Sanity Check: Static 5Y Train / 6M Test ===
Loaded 3197287 rows from raw panel.
Using MLPConfig: MLPConfig(input_dim=15, hidden_dims=[64, 32, 16], activation='tanh', dropout=0.0)
Epoch 1/20 finished for IMADL.
Epoch 5/20 finished for IMADL.
Epoch 10/20 finished for IMADL.
Epoch 15/20 finished for IMADL.
Epoch 20/20 finished for IMADL.
Rebalancing monthly: Top 10% predictions -> Long, Bottom 10% -> Short.
Month 1995-01 | IMADL | MSE 0.045365 | MedSE 0.004853 | R2 -0.0342 | Long 0.0166 | Short -0.0068 | Long-Short 0.0235
Month 1995-02 | IMADL | MSE 0.026057 | MedSE 0.006569 | R2 -0.1159 | Long 0.0411 | Short 0.0656 | Long-Short -0.0245
Month 1995-03 | IMADL | MSE 0.027062 | MedSE 0.005189 | R2 -0.0796 | Long 0.0249 | Short 0.0349 | Long-Short -0.0100
Month 1995-04 | IMADL | MSE 0.031145 | MedSE 0.005357 | R2 -0.0833 | Long 0.0483 | Short 0.0008 | Long-Short 0.0476
Month 1995-05 | IMADL | MSE 0.032016 | MedSE 0.005473 | R2 -0.0162 | Long 0.0871 | Short 0.1047 | Long-Short -0.0175
Month 1995-06 | IMADL | MSE 0.030545 | MedSE 0.005473 | R2 -0.0122 | Long 0.0692 | Short 0.1089 | Long-Short -0.0397
Month 1995-07 | IMADL | MSE 0.035206 | MedSE 0.005990 | R2 -0.0410 | Long 0.0384 | Short 0.0031 | Long-Short 0.0353
Month 1995-08 | IMADL | MSE 0.025857 | MedSE 0.005162 | R2 -0.0796 | Long 0.0321 | Short 0.0227 | Long-Short 0.0093
Month 1995-09 | IMADL | MSE 0.031411 | MedSE 0.011710 | R2 -0.6563 | Long -0.0749 | Short -0.0738 | Long-Short -0.0011
Month 1995-10 | IMADL | MSE 0.026072 | MedSE 0.005357 | R2 -0.1327 | Long 0.0473 | Short 0.0513 | Long-Short -0.0040
Month 1995-11 | IMADL | MSE 0.031051 | MedSE 0.006808 | R2 -0.1333 | Long -0.0043 | Short -0.0149 | Long-Short 0.0106
Month 1995-12 | IMADL | MSE 0.032558 | MedSE 0.006447 | R2 -0.0398 | Long 0.0599 | Short -0.0213 | Long-Short 0.0812
Month 1996-01 | IMADL | MSE 0.031267 | MedSE 0.006474 | R2 -0.0506 | Long 0.0245 | Short 0.0738 | Long-Short -0.0493
Month 1996-02 | IMADL | MSE 0.025258 | MedSE 0.006544 | R2 -0.0834 | Long 0.0146 | Short -0.0087 | Long-Short 0.0233
Month 1996-03 | IMADL | MSE 0.034855 | MedSE 0.007045 | R2 -0.0100 | Long 0.0937 | Short 0.1208 | Long-Short -0.0271
Month 1996-04 | IMADL | MSE 0.058368 | MedSE 0.006028 | R2 -0.0009 | Long 0.0663 | Short 0.0646 | Long-Short 0.0017
Month 1996-05 | IMADL | MSE 0.027872 | MedSE 0.009083 | R2 -0.5157 | Long -0.0472 | Short -0.1244 | Long-Short 0.0773
Month 1996-06 | IMADL | MSE 0.040668 | MedSE 0.016984 | R2 -1.0311 | Long -0.1120 | Short -0.1622 | Long-Short 0.0502
Month 1996-07 | IMADL | MSE 0.022019 | MedSE 0.004582 | R2 -0.0376 | Long 0.0407 | Short 0.0945 | Long-Short -0.0538
Month 1996-08 | IMADL | MSE 0.022734 | MedSE 0.005133 | R2 -0.0889 | Long 0.0321 | Short 0.0733 | Long-Short -0.0412
Month 1996-09 | IMADL | MSE 0.028583 | MedSE 0.007571 | R2 -0.3671 | Long -0.0771 | Short -0.0722 | Long-Short -0.0049
Month 1996-10 | IMADL | MSE 0.025244 | MedSE 0.004976 | R2 -0.0776 | Long 0.0147 | Short 0.0206 | Long-Short -0.0059
Month 1996-11 | IMADL | MSE 0.028371 | MedSE 0.007453 | R2 -0.2354 | Long -0.0110 | Short -0.0216 | Long-Short 0.0106
Month 1996-12 | IMADL | MSE 0.038858 | MedSE 0.005952 | R2 -0.0012 | Long 0.0594 | Short 0.1069 | Long-Short -0.0475
Saved metrics for IMADL to /content/drive/MyDrive/FYP/phase2_1b/results/imadl_seed62_cap05/sanity_metrics_imadl.csv
Wrote summary to /content/drive/MyDrive/FYP/phase2_1b/results/imadl_seed62_cap05/sanity_summary_imadl.json
Long-Short stats | Cumulative 0.0283 | Std 0.0376 | Sharpe 0.1686
Loss curve saved to /content/drive/MyDrive/FYP/phase2_1b/results/imadl_seed62_cap05/imadl_loss_curve.png
Long-Short return curve saved to /content/drive/MyDrive/FYP/phase2_1b/results/imadl_seed62_cap05/imadl_returns_curve.png
IMADL 实验完成。

提示：批量比较 7 个 loss 时，请使用对应 runner 或 run_all_experiments.py。
run_id=imadl_seed62_cap05
started_at=2026-04-30T09:07:57.204501+00:00
command=/usr/bin/python3 run_sanity_check_imadl.py --data-dir /content/FYP --pattern *.csv --lookback-months 12 --train-start 1990-01 --train-end 1994-12 --test-start 1995-01 --test-months 24 --best-config-path best_hyperparameters.txt --max-epochs 20 --batch-size 1024 --seed 62 --max-weight 0.05 --output-dir /content/drive/MyDrive/FYP/phase2_1b/results/imadl_seed62_cap05 --checkpoint-dir /content/drive/MyDrive/FYP/phase2_1b/checkpoints/imadl_seed62_cap05 --resume-mode auto

