command=/usr/bin/python3 run_sanity_check_imadl_m2_alpha06.py --data-dir /content/FYP --pattern *.csv --train-start 1990-01 --train-end 1994-12 --test-start 1995-01 --test-months 24 --best-config-path best_hyperparameters.txt --max-epochs 20 --batch-size 1024 --seed 42 --max-weight 0.05 --output-dir /content/drive/MyDrive/FYP/phase2_2/loss_scale/results/imadl_m2_alpha06 --checkpoint-dir /content/drive/MyDrive/FYP/phase2_2/loss_scale/checkpoints/imadl_m2_alpha06 --resume-mode auto

=== Sanity Check: Static 5Y Train / 6M Test ===
Loaded 3197287 rows from raw panel.
Using MLPConfig: MLPConfig(input_dim=15, hidden_dims=[64, 32, 16], activation='tanh', dropout=0.0)
Epoch 1/20 finished for IMADL_M2_ALPHA06.
Epoch 5/20 finished for IMADL_M2_ALPHA06.
Epoch 10/20 finished for IMADL_M2_ALPHA06.
Epoch 15/20 finished for IMADL_M2_ALPHA06.
Epoch 20/20 finished for IMADL_M2_ALPHA06.
Rebalancing monthly: Top 10% predictions -> Long, Bottom 10% -> Short.
Month 1995-01 | IMADL_M2_ALPHA06 | MSE 0.067432 | MedSE 0.026576 | R2 -0.5372 | Long 0.0378 | Short -0.0180 | Long-Short 0.0559
Month 1995-02 | IMADL_M2_ALPHA06 | MSE 0.051869 | MedSE 0.034130 | R2 -1.2212 | Long 0.0327 | Short 0.0628 | Long-Short -0.0301
Month 1995-03 | IMADL_M2_ALPHA06 | MSE 0.050686 | MedSE 0.031212 | R2 -1.0221 | Long 0.0216 | Short 0.0388 | Long-Short -0.0172
Month 1995-04 | IMADL_M2_ALPHA06 | MSE 0.055700 | MedSE 0.031065 | R2 -0.9373 | Long 0.0300 | Short -0.0017 | Long-Short 0.0317
Month 1995-05 | IMADL_M2_ALPHA06 | MSE 0.050884 | MedSE 0.029370 | R2 -0.6151 | Long 0.0465 | Short 0.1064 | Long-Short -0.0599
Month 1995-06 | IMADL_M2_ALPHA06 | MSE 0.048584 | MedSE 0.028428 | R2 -0.6100 | Long 0.0388 | Short 0.1188 | Long-Short -0.0800
Month 1995-07 | IMADL_M2_ALPHA06 | MSE 0.056755 | MedSE 0.032359 | R2 -0.6782 | Long 0.0434 | Short -0.0039 | Long-Short 0.0473
Month 1995-08 | IMADL_M2_ALPHA06 | MSE 0.048943 | MedSE 0.031531 | R2 -1.0435 | Long 0.0508 | Short 0.0318 | Long-Short 0.0190
Month 1995-09 | IMADL_M2_ALPHA06 | MSE 0.069876 | MedSE 0.047176 | R2 -2.6846 | Long -0.0164 | Short -0.0715 | Long-Short 0.0550
Month 1995-10 | IMADL_M2_ALPHA06 | MSE 0.052102 | MedSE 0.031081 | R2 -1.2635 | Long 0.0420 | Short 0.0311 | Long-Short 0.0109
Month 1995-11 | IMADL_M2_ALPHA06 | MSE 0.058095 | MedSE 0.034972 | R2 -1.1203 | Long 0.0456 | Short -0.0115 | Long-Short 0.0571
Month 1995-12 | IMADL_M2_ALPHA06 | MSE 0.054101 | MedSE 0.032414 | R2 -0.7278 | Long 0.0406 | Short -0.0131 | Long-Short 0.0537
Month 1996-01 | IMADL_M2_ALPHA06 | MSE 0.053430 | MedSE 0.033308 | R2 -0.7953 | Long 0.0541 | Short 0.0869 | Long-Short -0.0328
Month 1996-02 | IMADL_M2_ALPHA06 | MSE 0.048251 | MedSE 0.034033 | R2 -1.0696 | Long 0.0546 | Short -0.0099 | Long-Short 0.0645
Month 1996-03 | IMADL_M2_ALPHA06 | MSE 0.052931 | MedSE 0.031743 | R2 -0.5339 | Long 0.0434 | Short 0.1089 | Long-Short -0.0655
Month 1996-04 | IMADL_M2_ALPHA06 | MSE 0.073598 | MedSE 0.031391 | R2 -0.2621 | Long 0.0466 | Short 0.0628 | Long-Short -0.0161
Month 1996-05 | IMADL_M2_ALPHA06 | MSE 0.060879 | MedSE 0.041734 | R2 -2.3107 | Long 0.0206 | Short -0.1321 | Long-Short 0.1527
Month 1996-06 | IMADL_M2_ALPHA06 | MSE 0.085585 | MedSE 0.059079 | R2 -3.2742 | Long -0.0287 | Short -0.1698 | Long-Short 0.1411
Month 1996-07 | IMADL_M2_ALPHA06 | MSE 0.041895 | MedSE 0.026047 | R2 -0.9743 | Long 0.0448 | Short 0.0886 | Long-Short -0.0439
Month 1996-08 | IMADL_M2_ALPHA06 | MSE 0.046282 | MedSE 0.030405 | R2 -1.2166 | Long 0.0405 | Short 0.0726 | Long-Short -0.0321
Month 1996-09 | IMADL_M2_ALPHA06 | MSE 0.061717 | MedSE 0.038032 | R2 -1.9519 | Long 0.0001 | Short -0.0627 | Long-Short 0.0629
Month 1996-10 | IMADL_M2_ALPHA06 | MSE 0.048115 | MedSE 0.028682 | R2 -1.0540 | Long 0.0398 | Short 0.0179 | Long-Short 0.0219
Month 1996-11 | IMADL_M2_ALPHA06 | MSE 0.058688 | MedSE 0.037305 | R2 -1.5555 | Long 0.0232 | Short -0.0209 | Long-Short 0.0442
Month 1996-12 | IMADL_M2_ALPHA06 | MSE 0.054208 | MedSE 0.028650 | R2 -0.3968 | Long 0.0416 | Short 0.1119 | Long-Short -0.0702
Saved metrics for IMADL_M2_ALPHA06 to /content/drive/MyDrive/FYP/phase2_2/loss_scale/results/imadl_m2_alpha06/sanity_metrics_imadl_m2_alpha06.csv
Wrote summary to /content/drive/MyDrive/FYP/phase2_2/loss_scale/results/imadl_m2_alpha06/sanity_summary_imadl_m2_alpha06.json
Long-Short stats | Cumulative 0.3833 | Std 0.0621 | Sharpe 0.8593
Loss curve saved to /content/drive/MyDrive/FYP/phase2_2/loss_scale/results/imadl_m2_alpha06/imadl_m2_alpha06_loss_curve.png
Long-Short return curve saved to /content/drive/MyDrive/FYP/phase2_2/loss_scale/results/imadl_m2_alpha06/imadl_m2_alpha06_returns_curve.png
IMADL_M2_ALPHA06 实验完成。

提示：批量比较 7 个 loss 时，请使用对应 runner 或 run_all_experiments.py。
