Phase 2 robustness batch: 15 runs
output_root=/content/drive/MyDrive/FYP/phase2_2/gamma_refinement/results
checkpoint_root=/content/drive/MyDrive/FYP/phase2_2/gamma_refinement/checkpoints
log_root=/content/drive/MyDrive/FYP/phase2_2/gamma_refinement/logs
[1/15] m2_robust_gamma03_seed42_cap05
=== Sanity Check: Static 5Y Train / 6M Test ===
Loaded 3197287 rows from raw panel.
Using MLPConfig: MLPConfig(input_dim=15, hidden_dims=[64, 32, 16], activation='tanh', dropout=0.0)
Epoch 1/20 finished for M2_ROBUST_GAMMA03.
Epoch 5/20 finished for M2_ROBUST_GAMMA03.
Epoch 10/20 finished for M2_ROBUST_GAMMA03.
Epoch 15/20 finished for M2_ROBUST_GAMMA03.
Epoch 20/20 finished for M2_ROBUST_GAMMA03.
Rebalancing monthly: Top 10% predictions -> Long, Bottom 10% -> Short.
Month 1995-01 | M2_ROBUST_GAMMA03 | MSE 0.044059 | MedSE 0.003120 | R2 -0.0044 | Long 0.0285 | Short -0.0036 | Long-Short 0.0321
Month 1995-02 | M2_ROBUST_GAMMA03 | MSE 0.024112 | MedSE 0.004382 | R2 -0.0326 | Long 0.0180 | Short 0.0750 | Long-Short -0.0570
Month 1995-03 | M2_ROBUST_GAMMA03 | MSE 0.025463 | MedSE 0.003443 | R2 -0.0158 | Long 0.0232 | Short 0.0369 | Long-Short -0.0136
Month 1995-04 | M2_ROBUST_GAMMA03 | MSE 0.029335 | MedSE 0.003764 | R2 -0.0203 | Long 0.0196 | Short -0.0001 | Long-Short 0.0197
Month 1995-05 | M2_ROBUST_GAMMA03 | MSE 0.031541 | MedSE 0.003893 | R2 -0.0012 | Long 0.0244 | Short 0.1056 | Long-Short -0.0812
Month 1995-06 | M2_ROBUST_GAMMA03 | MSE 0.030252 | MedSE 0.003960 | R2 -0.0025 | Long 0.0295 | Short 0.1045 | Long-Short -0.0750
Month 1995-07 | M2_ROBUST_GAMMA03 | MSE 0.033972 | MedSE 0.004143 | R2 -0.0045 | Long 0.0345 | Short 0.0101 | Long-Short 0.0244
Month 1995-08 | M2_ROBUST_GAMMA03 | MSE 0.024295 | MedSE 0.003330 | R2 -0.0144 | Long 0.0364 | Short 0.0165 | Long-Short 0.0199
Month 1995-09 | M2_ROBUST_GAMMA03 | MSE 0.026444 | MedSE 0.007751 | R2 -0.3944 | Long -0.0189 | Short -0.0710 | Long-Short 0.0521
Month 1995-10 | M2_ROBUST_GAMMA03 | MSE 0.023951 | MedSE 0.003910 | R2 -0.0406 | Long -0.0005 | Short 0.0434 | Long-Short -0.0439
Month 1995-11 | M2_ROBUST_GAMMA03 | MSE 0.028655 | MedSE 0.004798 | R2 -0.0458 | Long 0.0141 | Short -0.0122 | Long-Short 0.0263
Month 1995-12 | M2_ROBUST_GAMMA03 | MSE 0.031417 | MedSE 0.004824 | R2 -0.0033 | Long 0.0324 | Short -0.0142 | Long-Short 0.0466
Month 1996-01 | M2_ROBUST_GAMMA03 | MSE 0.029958 | MedSE 0.004260 | R2 -0.0066 | Long 0.0235 | Short 0.0722 | Long-Short -0.0487
Month 1996-02 | M2_ROBUST_GAMMA03 | MSE 0.023684 | MedSE 0.004367 | R2 -0.0159 | Long 0.0184 | Short -0.0003 | Long-Short 0.0187
Month 1996-03 | M2_ROBUST_GAMMA03 | MSE 0.034608 | MedSE 0.004946 | R2 -0.0029 | Long 0.0267 | Short 0.1327 | Long-Short -0.1060
Month 1996-04 | M2_ROBUST_GAMMA03 | MSE 0.058621 | MedSE 0.004094 | R2 -0.0052 | Long 0.0647 | Short 0.0726 | Long-Short -0.0079
Month 1996-05 | M2_ROBUST_GAMMA03 | MSE 0.023662 | MedSE 0.005798 | R2 -0.2868 | Long 0.0057 | Short -0.1311 | Long-Short 0.1368
Month 1996-06 | M2_ROBUST_GAMMA03 | MSE 0.034073 | MedSE 0.011590 | R2 -0.7017 | Long -0.0346 | Short -0.1610 | Long-Short 0.1264
Month 1996-07 | M2_ROBUST_GAMMA03 | MSE 0.021253 | MedSE 0.002900 | R2 -0.0015 | Long 0.0262 | Short 0.0862 | Long-Short -0.0600
Month 1996-08 | M2_ROBUST_GAMMA03 | MSE 0.021221 | MedSE 0.003613 | R2 -0.0164 | Long 0.0166 | Short 0.0667 | Long-Short -0.0501
Month 1996-09 | M2_ROBUST_GAMMA03 | MSE 0.024812 | MedSE 0.005318 | R2 -0.1868 | Long 0.0048 | Short -0.0660 | Long-Short 0.0708
Month 1996-10 | M2_ROBUST_GAMMA03 | MSE 0.023735 | MedSE 0.003765 | R2 -0.0132 | Long 0.0236 | Short 0.0189 | Long-Short 0.0047
Month 1996-11 | M2_ROBUST_GAMMA03 | MSE 0.025304 | MedSE 0.005053 | R2 -0.1018 | Long 0.0074 | Short -0.0162 | Long-Short 0.0235
Month 1996-12 | M2_ROBUST_GAMMA03 | MSE 0.039184 | MedSE 0.004682 | R2 -0.0096 | Long 0.0431 | Short 0.1105 | Long-Short -0.0674
Saved metrics for M2_ROBUST_GAMMA03 to /content/drive/MyDrive/FYP/phase2_2/gamma_refinement/results/m2_robust_gamma03_seed42_cap05/sanity_metrics_m2_robust_gamma03.csv
Wrote summary to /content/drive/MyDrive/FYP/phase2_2/gamma_refinement/results/m2_robust_gamma03_seed42_cap05/sanity_summary_m2_robust_gamma03.json
Long-Short stats | Cumulative -0.0520 | Std 0.0627 | Sharpe -0.0199
Loss curve saved to /content/drive/MyDrive/FYP/phase2_2/gamma_refinement/results/m2_robust_gamma03_seed42_cap05/m2_robust_gamma03_loss_curve.png
Long-Short return curve saved to /content/drive/MyDrive/FYP/phase2_2/gamma_refinement/results/m2_robust_gamma03_seed42_cap05/m2_robust_gamma03_returns_curve.png
M2_ROBUST_GAMMA03 实验完成。

提示：批量比较 7 个 loss 时，请使用对应 runner 或 run_all_experiments.py。
  OK
[2/15] m2_robust_gamma03_seed52_cap05
=== Sanity Check: Static 5Y Train / 6M Test ===
Loaded 3197287 rows from raw panel.
Using MLPConfig: MLPConfig(input_dim=15, hidden_dims=[64, 32, 16], activation='tanh', dropout=0.0)
Epoch 1/20 finished for M2_ROBUST_GAMMA03.
Epoch 5/20 finished for M2_ROBUST_GAMMA03.
Epoch 10/20 finished for M2_ROBUST_GAMMA03.
Epoch 15/20 finished for M2_ROBUST_GAMMA03.
Epoch 20/20 finished for M2_ROBUST_GAMMA03.
Rebalancing monthly: Top 10% predictions -> Long, Bottom 10% -> Short.
Month 1995-01 | M2_ROBUST_GAMMA03 | MSE 0.044069 | MedSE 0.003125 | R2 -0.0046 | Long 0.0308 | Short -0.0214 | Long-Short 0.0522
Month 1995-02 | M2_ROBUST_GAMMA03 | MSE 0.024117 | MedSE 0.004390 | R2 -0.0328 | Long 0.0466 | Short 0.0630 | Long-Short -0.0164
Month 1995-03 | M2_ROBUST_GAMMA03 | MSE 0.025474 | MedSE 0.003443 | R2 -0.0163 | Long 0.0340 | Short 0.0381 | Long-Short -0.0041
Month 1995-04 | M2_ROBUST_GAMMA03 | MSE 0.029355 | MedSE 0.003769 | R2 -0.0210 | Long 0.0125 | Short -0.0009 | Long-Short 0.0133
Month 1995-05 | M2_ROBUST_GAMMA03 | MSE 0.031539 | MedSE 0.003901 | R2 -0.0011 | Long 0.0506 | Short 0.1096 | Long-Short -0.0590
Month 1995-06 | M2_ROBUST_GAMMA03 | MSE 0.030253 | MedSE 0.003985 | R2 -0.0025 | Long 0.0672 | Short 0.1194 | Long-Short -0.0522
Month 1995-07 | M2_ROBUST_GAMMA03 | MSE 0.033976 | MedSE 0.004173 | R2 -0.0047 | Long 0.0380 | Short -0.0022 | Long-Short 0.0402
Month 1995-08 | M2_ROBUST_GAMMA03 | MSE 0.024310 | MedSE 0.003318 | R2 -0.0150 | Long 0.0208 | Short 0.0263 | Long-Short -0.0055
Month 1995-09 | M2_ROBUST_GAMMA03 | MSE 0.026508 | MedSE 0.007790 | R2 -0.3978 | Long -0.0544 | Short -0.0705 | Long-Short 0.0161
Month 1995-10 | M2_ROBUST_GAMMA03 | MSE 0.023974 | MedSE 0.003911 | R2 -0.0415 | Long 0.0027 | Short 0.0326 | Long-Short -0.0299
Month 1995-11 | M2_ROBUST_GAMMA03 | MSE 0.028675 | MedSE 0.004826 | R2 -0.0465 | Long 0.0160 | Short -0.0158 | Long-Short 0.0317
Month 1995-12 | M2_ROBUST_GAMMA03 | MSE 0.031415 | MedSE 0.004845 | R2 -0.0033 | Long 0.0488 | Short -0.0160 | Long-Short 0.0648
Month 1996-01 | M2_ROBUST_GAMMA03 | MSE 0.029972 | MedSE 0.004284 | R2 -0.0071 | Long 0.0327 | Short 0.0820 | Long-Short -0.0493
Month 1996-02 | M2_ROBUST_GAMMA03 | MSE 0.023692 | MedSE 0.004373 | R2 -0.0162 | Long 0.0198 | Short -0.0063 | Long-Short 0.0262
Month 1996-03 | M2_ROBUST_GAMMA03 | MSE 0.034593 | MedSE 0.004968 | R2 -0.0025 | Long 0.0882 | Short 0.1180 | Long-Short -0.0297
Month 1996-04 | M2_ROBUST_GAMMA03 | MSE 0.058610 | MedSE 0.004099 | R2 -0.0050 | Long 0.0670 | Short 0.0643 | Long-Short 0.0028
Month 1996-05 | M2_ROBUST_GAMMA03 | MSE 0.023692 | MedSE 0.005835 | R2 -0.2884 | Long -0.0244 | Short -0.1321 | Long-Short 0.1077
Month 1996-06 | M2_ROBUST_GAMMA03 | MSE 0.034158 | MedSE 0.011648 | R2 -0.7059 | Long -0.1105 | Short -0.1688 | Long-Short 0.0582
Month 1996-07 | M2_ROBUST_GAMMA03 | MSE 0.021257 | MedSE 0.002906 | R2 -0.0017 | Long 0.0545 | Short 0.0903 | Long-Short -0.0358
Month 1996-08 | M2_ROBUST_GAMMA03 | MSE 0.021229 | MedSE 0.003625 | R2 -0.0168 | Long 0.0297 | Short 0.0698 | Long-Short -0.0400
Month 1996-09 | M2_ROBUST_GAMMA03 | MSE 0.024864 | MedSE 0.005339 | R2 -0.1893 | Long -0.0408 | Short -0.0686 | Long-Short 0.0278
Month 1996-10 | M2_ROBUST_GAMMA03 | MSE 0.023752 | MedSE 0.003743 | R2 -0.0139 | Long 0.0161 | Short 0.0156 | Long-Short 0.0005
Month 1996-11 | M2_ROBUST_GAMMA03 | MSE 0.025347 | MedSE 0.005067 | R2 -0.1037 | Long -0.0161 | Short -0.0217 | Long-Short 0.0056
Month 1996-12 | M2_ROBUST_GAMMA03 | MSE 0.039164 | MedSE 0.004684 | R2 -0.0091 | Long 0.0748 | Short 0.1052 | Long-Short -0.0304
Saved metrics for M2_ROBUST_GAMMA03 to /content/drive/MyDrive/FYP/phase2_2/gamma_refinement/results/m2_robust_gamma03_seed52_cap05/sanity_metrics_m2_robust_gamma03.csv
Wrote summary to /content/drive/MyDrive/FYP/phase2_2/gamma_refinement/results/m2_robust_gamma03_seed52_cap05/sanity_summary_m2_robust_gamma03.json
Long-Short stats | Cumulative 0.0778 | Std 0.0420 | Sharpe 0.3263
Loss curve saved to /content/drive/MyDrive/FYP/phase2_2/gamma_refinement/results/m2_robust_gamma03_seed52_cap05/m2_robust_gamma03_loss_curve.png
Long-Short return curve saved to /content/drive/MyDrive/FYP/phase2_2/gamma_refinement/results/m2_robust_gamma03_seed52_cap05/m2_robust_gamma03_returns_curve.png
M2_ROBUST_GAMMA03 实验完成。

提示：批量比较 7 个 loss 时，请使用对应 runner 或 run_all_experiments.py。
  OK
[3/15] m2_robust_gamma03_seed62_cap05
=== Sanity Check: Static 5Y Train / 6M Test ===
Loaded 3197287 rows from raw panel.
Using MLPConfig: MLPConfig(input_dim=15, hidden_dims=[64, 32, 16], activation='tanh', dropout=0.0)
Epoch 1/20 finished for M2_ROBUST_GAMMA03.
Epoch 5/20 finished for M2_ROBUST_GAMMA03.
Epoch 10/20 finished for M2_ROBUST_GAMMA03.
Epoch 15/20 finished for M2_ROBUST_GAMMA03.
Epoch 20/20 finished for M2_ROBUST_GAMMA03.
Rebalancing monthly: Top 10% predictions -> Long, Bottom 10% -> Short.
Month 1995-01 | M2_ROBUST_GAMMA03 | MSE 0.044016 | MedSE 0.003075 | R2 -0.0034 | Long 0.0348 | Short -0.0415 | Long-Short 0.0763
Month 1995-02 | M2_ROBUST_GAMMA03 | MSE 0.024027 | MedSE 0.004332 | R2 -0.0289 | Long 0.0443 | Short 0.0447 | Long-Short -0.0004
Month 1995-03 | M2_ROBUST_GAMMA03 | MSE 0.025409 | MedSE 0.003369 | R2 -0.0137 | Long 0.0328 | Short 0.0347 | Long-Short -0.0020
Month 1995-04 | M2_ROBUST_GAMMA03 | MSE 0.029271 | MedSE 0.003639 | R2 -0.0181 | Long 0.0175 | Short -0.0147 | Long-Short 0.0322
Month 1995-05 | M2_ROBUST_GAMMA03 | MSE 0.031534 | MedSE 0.003836 | R2 -0.0009 | Long 0.0612 | Short 0.0851 | Long-Short -0.0239
Month 1995-06 | M2_ROBUST_GAMMA03 | MSE 0.030263 | MedSE 0.003914 | R2 -0.0028 | Long 0.0620 | Short 0.1447 | Long-Short -0.0827
Month 1995-07 | M2_ROBUST_GAMMA03 | MSE 0.033934 | MedSE 0.004082 | R2 -0.0034 | Long 0.0289 | Short -0.0428 | Long-Short 0.0717
Month 1995-08 | M2_ROBUST_GAMMA03 | MSE 0.024258 | MedSE 0.003224 | R2 -0.0128 | Long 0.0212 | Short 0.0203 | Long-Short 0.0009
Month 1995-09 | M2_ROBUST_GAMMA03 | MSE 0.026229 | MedSE 0.007569 | R2 -0.3831 | Long -0.0551 | Short -0.0651 | Long-Short 0.0100
Month 1995-10 | M2_ROBUST_GAMMA03 | MSE 0.023864 | MedSE 0.003873 | R2 -0.0368 | Long 0.0191 | Short 0.0272 | Long-Short -0.0081
Month 1995-11 | M2_ROBUST_GAMMA03 | MSE 0.028565 | MedSE 0.004710 | R2 -0.0425 | Long 0.0191 | Short -0.0084 | Long-Short 0.0275
Month 1995-12 | M2_ROBUST_GAMMA03 | MSE 0.031388 | MedSE 0.004784 | R2 -0.0024 | Long 0.0510 | Short -0.0139 | Long-Short 0.0649
Month 1996-01 | M2_ROBUST_GAMMA03 | MSE 0.029918 | MedSE 0.004161 | R2 -0.0053 | Long 0.0382 | Short 0.0589 | Long-Short -0.0208
Month 1996-02 | M2_ROBUST_GAMMA03 | MSE 0.023634 | MedSE 0.004263 | R2 -0.0137 | Long 0.0303 | Short -0.0000 | Long-Short 0.0304
Month 1996-03 | M2_ROBUST_GAMMA03 | MSE 0.034598 | MedSE 0.004830 | R2 -0.0026 | Long 0.0680 | Short 0.1036 | Long-Short -0.0357
Month 1996-04 | M2_ROBUST_GAMMA03 | MSE 0.058683 | MedSE 0.004027 | R2 -0.0063 | Long 0.0639 | Short 0.1017 | Long-Short -0.0378
Month 1996-05 | M2_ROBUST_GAMMA03 | MSE 0.023497 | MedSE 0.005692 | R2 -0.2778 | Long -0.0328 | Short -0.1495 | Long-Short 0.1167
Month 1996-06 | M2_ROBUST_GAMMA03 | MSE 0.033799 | MedSE 0.011335 | R2 -0.6880 | Long -0.0944 | Short -0.1902 | Long-Short 0.0957
Month 1996-07 | M2_ROBUST_GAMMA03 | MSE 0.021238 | MedSE 0.002878 | R2 -0.0008 | Long 0.0429 | Short 0.0696 | Long-Short -0.0267
Month 1996-08 | M2_ROBUST_GAMMA03 | MSE 0.021166 | MedSE 0.003520 | R2 -0.0137 | Long 0.0332 | Short 0.0787 | Long-Short -0.0455
Month 1996-09 | M2_ROBUST_GAMMA03 | MSE 0.024664 | MedSE 0.005179 | R2 -0.1797 | Long -0.0301 | Short -0.0478 | Long-Short 0.0177
Month 1996-10 | M2_ROBUST_GAMMA03 | MSE 0.023698 | MedSE 0.003745 | R2 -0.0116 | Long 0.0273 | Short 0.0064 | Long-Short 0.0210
Month 1996-11 | M2_ROBUST_GAMMA03 | MSE 0.025193 | MedSE 0.004946 | R2 -0.0970 | Long -0.0155 | Short -0.0172 | Long-Short 0.0018
Month 1996-12 | M2_ROBUST_GAMMA03 | MSE 0.039223 | MedSE 0.004644 | R2 -0.0106 | Long 0.0717 | Short 0.1281 | Long-Short -0.0563
Saved metrics for M2_ROBUST_GAMMA03 to /content/drive/MyDrive/FYP/phase2_2/gamma_refinement/results/m2_robust_gamma03_seed62_cap05/sanity_metrics_m2_robust_gamma03.csv
Wrote summary to /content/drive/MyDrive/FYP/phase2_2/gamma_refinement/results/m2_robust_gamma03_seed62_cap05/sanity_summary_m2_robust_gamma03.json
Long-Short stats | Cumulative 0.2197 | Std 0.0493 | Sharpe 0.6638
Loss curve saved to /content/drive/MyDrive/FYP/phase2_2/gamma_refinement/results/m2_robust_gamma03_seed62_cap05/m2_robust_gamma03_loss_curve.png
Long-Short return curve saved to /content/drive/MyDrive/FYP/phase2_2/gamma_refinement/results/m2_robust_gamma03_seed62_cap05/m2_robust_gamma03_returns_curve.png
M2_ROBUST_GAMMA03 实验完成。

提示：批量比较 7 个 loss 时，请使用对应 runner 或 run_all_experiments.py。
  OK
[4/15] m2_robust_gamma05_seed42_cap05
=== Sanity Check: Static 5Y Train / 6M Test ===
Loaded 3197287 rows from raw panel.
Using MLPConfig: MLPConfig(input_dim=15, hidden_dims=[64, 32, 16], activation='tanh', dropout=0.0)
Epoch 1/20 finished for M2_ROBUST_GAMMA05.
Epoch 5/20 finished for M2_ROBUST_GAMMA05.
Epoch 10/20 finished for M2_ROBUST_GAMMA05.
Epoch 15/20 finished for M2_ROBUST_GAMMA05.
Epoch 20/20 finished for M2_ROBUST_GAMMA05.
Rebalancing monthly: Top 10% predictions -> Long, Bottom 10% -> Short.
Month 1995-01 | M2_ROBUST_GAMMA05 | MSE 0.044065 | MedSE 0.003120 | R2 -0.0045 | Long 0.0304 | Short -0.0356 | Long-Short 0.0660
Month 1995-02 | M2_ROBUST_GAMMA05 | MSE 0.024116 | MedSE 0.004374 | R2 -0.0328 | Long 0.0195 | Short 0.0547 | Long-Short -0.0352
Month 1995-03 | M2_ROBUST_GAMMA05 | MSE 0.025468 | MedSE 0.003443 | R2 -0.0160 | Long 0.0323 | Short 0.0434 | Long-Short -0.0111
Month 1995-04 | M2_ROBUST_GAMMA05 | MSE 0.029342 | MedSE 0.003763 | R2 -0.0205 | Long 0.0471 | Short -0.0068 | Long-Short 0.0539
Month 1995-05 | M2_ROBUST_GAMMA05 | MSE 0.031539 | MedSE 0.003922 | R2 -0.0011 | Long 0.0544 | Short 0.0987 | Long-Short -0.0443
Month 1995-06 | M2_ROBUST_GAMMA05 | MSE 0.030255 | MedSE 0.003960 | R2 -0.0026 | Long 0.0677 | Short 0.1267 | Long-Short -0.0590
Month 1995-07 | M2_ROBUST_GAMMA05 | MSE 0.033971 | MedSE 0.004139 | R2 -0.0045 | Long 0.0408 | Short -0.0455 | Long-Short 0.0863
Month 1995-08 | M2_ROBUST_GAMMA05 | MSE 0.024295 | MedSE 0.003321 | R2 -0.0144 | Long 0.0430 | Short 0.0103 | Long-Short 0.0327
Month 1995-09 | M2_ROBUST_GAMMA05 | MSE 0.026450 | MedSE 0.007776 | R2 -0.3947 | Long -0.0543 | Short -0.0739 | Long-Short 0.0196
Month 1995-10 | M2_ROBUST_GAMMA05 | MSE 0.023956 | MedSE 0.003888 | R2 -0.0407 | Long 0.0568 | Short 0.0344 | Long-Short 0.0224
Month 1995-11 | M2_ROBUST_GAMMA05 | MSE 0.028658 | MedSE 0.004810 | R2 -0.0459 | Long -0.0094 | Short -0.0042 | Long-Short -0.0053
Month 1995-12 | M2_ROBUST_GAMMA05 | MSE 0.031419 | MedSE 0.004850 | R2 -0.0034 | Long 0.0774 | Short -0.0420 | Long-Short 0.1195
Month 1996-01 | M2_ROBUST_GAMMA05 | MSE 0.029957 | MedSE 0.004291 | R2 -0.0066 | Long 0.0564 | Short 0.0663 | Long-Short -0.0099
Month 1996-02 | M2_ROBUST_GAMMA05 | MSE 0.023688 | MedSE 0.004375 | R2 -0.0160 | Long 0.0480 | Short 0.0117 | Long-Short 0.0364
Month 1996-03 | M2_ROBUST_GAMMA05 | MSE 0.034600 | MedSE 0.004918 | R2 -0.0026 | Long 0.0862 | Short 0.1146 | Long-Short -0.0284
Month 1996-04 | M2_ROBUST_GAMMA05 | MSE 0.058624 | MedSE 0.004108 | R2 -0.0053 | Long 0.0337 | Short 0.0947 | Long-Short -0.0610
Month 1996-05 | M2_ROBUST_GAMMA05 | MSE 0.023679 | MedSE 0.005821 | R2 -0.2877 | Long -0.0085 | Short -0.1441 | Long-Short 0.1355
Month 1996-06 | M2_ROBUST_GAMMA05 | MSE 0.034079 | MedSE 0.011547 | R2 -0.7020 | Long -0.0769 | Short -0.1937 | Long-Short 0.1169
Month 1996-07 | M2_ROBUST_GAMMA05 | MSE 0.021252 | MedSE 0.002887 | R2 -0.0015 | Long 0.0621 | Short 0.0742 | Long-Short -0.0121
Month 1996-08 | M2_ROBUST_GAMMA05 | MSE 0.021225 | MedSE 0.003587 | R2 -0.0165 | Long 0.0303 | Short 0.0865 | Long-Short -0.0562
Month 1996-09 | M2_ROBUST_GAMMA05 | MSE 0.024820 | MedSE 0.005335 | R2 -0.1871 | Long -0.0211 | Short -0.0377 | Long-Short 0.0166
Month 1996-10 | M2_ROBUST_GAMMA05 | MSE 0.023740 | MedSE 0.003777 | R2 -0.0134 | Long 0.0441 | Short 0.0147 | Long-Short 0.0294
Month 1996-11 | M2_ROBUST_GAMMA05 | MSE 0.025307 | MedSE 0.005075 | R2 -0.1020 | Long -0.0010 | Short 0.0008 | Long-Short -0.0018
Month 1996-12 | M2_ROBUST_GAMMA05 | MSE 0.039183 | MedSE 0.004701 | R2 -0.0096 | Long 0.0590 | Short 0.1180 | Long-Short -0.0590
Saved metrics for M2_ROBUST_GAMMA05 to /content/drive/MyDrive/FYP/phase2_2/gamma_refinement/results/m2_robust_gamma05_seed42_cap05/sanity_metrics_m2_robust_gamma05.csv
Wrote summary to /content/drive/MyDrive/FYP/phase2_2/gamma_refinement/results/m2_robust_gamma05_seed42_cap05/sanity_summary_m2_robust_gamma05.json
Long-Short stats | Cumulative 0.3662 | Std 0.0584 | Sharpe 0.8696
Loss curve saved to /content/drive/MyDrive/FYP/phase2_2/gamma_refinement/results/m2_robust_gamma05_seed42_cap05/m2_robust_gamma05_loss_curve.png
Long-Short return curve saved to /content/drive/MyDrive/FYP/phase2_2/gamma_refinement/results/m2_robust_gamma05_seed42_cap05/m2_robust_gamma05_returns_curve.png
M2_ROBUST_GAMMA05 实验完成。

提示：批量比较 7 个 loss 时，请使用对应 runner 或 run_all_experiments.py。
  OK
[5/15] m2_robust_gamma05_seed52_cap05
=== Sanity Check: Static 5Y Train / 6M Test ===
Loaded 3197287 rows from raw panel.
Using MLPConfig: MLPConfig(input_dim=15, hidden_dims=[64, 32, 16], activation='tanh', dropout=0.0)
Epoch 1/20 finished for M2_ROBUST_GAMMA05.
Epoch 5/20 finished for M2_ROBUST_GAMMA05.
Epoch 10/20 finished for M2_ROBUST_GAMMA05.
Epoch 15/20 finished for M2_ROBUST_GAMMA05.
Epoch 20/20 finished for M2_ROBUST_GAMMA05.
Rebalancing monthly: Top 10% predictions -> Long, Bottom 10% -> Short.
Month 1995-01 | M2_ROBUST_GAMMA05 | MSE 0.044111 | MedSE 0.003157 | R2 -0.0056 | Long 0.0387 | Short -0.0332 | Long-Short 0.0719
Month 1995-02 | M2_ROBUST_GAMMA05 | MSE 0.024177 | MedSE 0.004468 | R2 -0.0354 | Long 0.0518 | Short 0.0555 | Long-Short -0.0037
Month 1995-03 | M2_ROBUST_GAMMA05 | MSE 0.025535 | MedSE 0.003526 | R2 -0.0187 | Long 0.0241 | Short 0.0413 | Long-Short -0.0171
Month 1995-04 | M2_ROBUST_GAMMA05 | MSE 0.029429 | MedSE 0.003850 | R2 -0.0236 | Long 0.0163 | Short -0.0107 | Long-Short 0.0270
Month 1995-05 | M2_ROBUST_GAMMA05 | MSE 0.031499 | MedSE 0.003990 | R2 0.0002 | Long 0.0666 | Short 0.1084 | Long-Short -0.0418
Month 1995-06 | M2_ROBUST_GAMMA05 | MSE 0.030213 | MedSE 0.004053 | R2 -0.0012 | Long 0.0600 | Short 0.1283 | Long-Short -0.0684
Month 1995-07 | M2_ROBUST_GAMMA05 | MSE 0.034012 | MedSE 0.004244 | R2 -0.0057 | Long 0.0265 | Short -0.0303 | Long-Short 0.0568
Month 1995-08 | M2_ROBUST_GAMMA05 | MSE 0.024389 | MedSE 0.003400 | R2 -0.0183 | Long 0.0254 | Short 0.0470 | Long-Short -0.0216
Month 1995-09 | M2_ROBUST_GAMMA05 | MSE 0.026801 | MedSE 0.007953 | R2 -0.4133 | Long -0.0552 | Short -0.0695 | Long-Short 0.0143
Month 1995-10 | M2_ROBUST_GAMMA05 | MSE 0.024054 | MedSE 0.003969 | R2 -0.0450 | Long 0.0197 | Short 0.0303 | Long-Short -0.0106
Month 1995-11 | M2_ROBUST_GAMMA05 | MSE 0.028797 | MedSE 0.004933 | R2 -0.0510 | Long 0.0197 | Short -0.0198 | Long-Short 0.0395
Month 1995-12 | M2_ROBUST_GAMMA05 | MSE 0.031468 | MedSE 0.004925 | R2 -0.0050 | Long 0.0503 | Short -0.0223 | Long-Short 0.0726
Month 1996-01 | M2_ROBUST_GAMMA05 | MSE 0.029999 | MedSE 0.004368 | R2 -0.0080 | Long 0.0431 | Short 0.0808 | Long-Short -0.0377
Month 1996-02 | M2_ROBUST_GAMMA05 | MSE 0.023760 | MedSE 0.004481 | R2 -0.0191 | Long 0.0371 | Short -0.0091 | Long-Short 0.0462
Month 1996-03 | M2_ROBUST_GAMMA05 | MSE 0.034535 | MedSE 0.005074 | R2 -0.0008 | Long 0.0661 | Short 0.1039 | Long-Short -0.0378
Month 1996-04 | M2_ROBUST_GAMMA05 | MSE 0.058533 | MedSE 0.004180 | R2 -0.0037 | Long 0.0567 | Short 0.0543 | Long-Short 0.0024
Month 1996-05 | M2_ROBUST_GAMMA05 | MSE 0.023980 | MedSE 0.005959 | R2 -0.3041 | Long -0.0377 | Short -0.1508 | Long-Short 0.1131
Month 1996-06 | M2_ROBUST_GAMMA05 | MSE 0.034596 | MedSE 0.011880 | R2 -0.7278 | Long -0.0939 | Short -0.1721 | Long-Short 0.0782
Month 1996-07 | M2_ROBUST_GAMMA05 | MSE 0.021250 | MedSE 0.002945 | R2 -0.0014 | Long 0.0483 | Short 0.0713 | Long-Short -0.0230
Month 1996-08 | M2_ROBUST_GAMMA05 | MSE 0.021276 | MedSE 0.003662 | R2 -0.0190 | Long 0.0227 | Short 0.0931 | Long-Short -0.0705
Month 1996-09 | M2_ROBUST_GAMMA05 | MSE 0.025076 | MedSE 0.005473 | R2 -0.1994 | Long -0.0243 | Short -0.0713 | Long-Short 0.0470
Month 1996-10 | M2_ROBUST_GAMMA05 | MSE 0.023812 | MedSE 0.003781 | R2 -0.0165 | Long 0.0222 | Short 0.0103 | Long-Short 0.0118
Month 1996-11 | M2_ROBUST_GAMMA05 | MSE 0.025514 | MedSE 0.005161 | R2 -0.1110 | Long -0.0128 | Short -0.0173 | Long-Short 0.0045
Month 1996-12 | M2_ROBUST_GAMMA05 | MSE 0.039089 | MedSE 0.004741 | R2 -0.0072 | Long 0.0782 | Short 0.1075 | Long-Short -0.0293
Saved metrics for M2_ROBUST_GAMMA05 to /content/drive/MyDrive/FYP/phase2_2/gamma_refinement/results/m2_robust_gamma05_seed52_cap05/sanity_metrics_m2_robust_gamma05.csv
Wrote summary to /content/drive/MyDrive/FYP/phase2_2/gamma_refinement/results/m2_robust_gamma05_seed52_cap05/sanity_summary_m2_robust_gamma05.json
Long-Short stats | Cumulative 0.2172 | Std 0.0485 | Sharpe 0.6670
Loss curve saved to /content/drive/MyDrive/FYP/phase2_2/gamma_refinement/results/m2_robust_gamma05_seed52_cap05/m2_robust_gamma05_loss_curve.png
Long-Short return curve saved to /content/drive/MyDrive/FYP/phase2_2/gamma_refinement/results/m2_robust_gamma05_seed52_cap05/m2_robust_gamma05_returns_curve.png
M2_ROBUST_GAMMA05 实验完成。

提示：批量比较 7 个 loss 时，请使用对应 runner 或 run_all_experiments.py。
  OK
[6/15] m2_robust_gamma05_seed62_cap05
=== Sanity Check: Static 5Y Train / 6M Test ===
Loaded 3197287 rows from raw panel.
Using MLPConfig: MLPConfig(input_dim=15, hidden_dims=[64, 32, 16], activation='tanh', dropout=0.0)
Epoch 1/20 finished for M2_ROBUST_GAMMA05.
Epoch 5/20 finished for M2_ROBUST_GAMMA05.
Epoch 10/20 finished for M2_ROBUST_GAMMA05.
Epoch 15/20 finished for M2_ROBUST_GAMMA05.
Epoch 20/20 finished for M2_ROBUST_GAMMA05.
Rebalancing monthly: Top 10% predictions -> Long, Bottom 10% -> Short.
Month 1995-01 | M2_ROBUST_GAMMA05 | MSE 0.043992 | MedSE 0.003032 | R2 -0.0029 | Long 0.0505 | Short 0.0224 | Long-Short 0.0281
Month 1995-02 | M2_ROBUST_GAMMA05 | MSE 0.023951 | MedSE 0.004230 | R2 -0.0257 | Long 0.0365 | Short 0.0125 | Long-Short 0.0240
Month 1995-03 | M2_ROBUST_GAMMA05 | MSE 0.025369 | MedSE 0.003320 | R2 -0.0121 | Long 0.0316 | Short 0.0205 | Long-Short 0.0111
Month 1995-04 | M2_ROBUST_GAMMA05 | MSE 0.029231 | MedSE 0.003607 | R2 -0.0167 | Long 0.0069 | Short 0.0172 | Long-Short -0.0103
Month 1995-05 | M2_ROBUST_GAMMA05 | MSE 0.031527 | MedSE 0.003741 | R2 -0.0007 | Long 0.0536 | Short 0.0477 | Long-Short 0.0059
Month 1995-06 | M2_ROBUST_GAMMA05 | MSE 0.030261 | MedSE 0.003819 | R2 -0.0028 | Long 0.0375 | Short 0.0927 | Long-Short -0.0552
Month 1995-07 | M2_ROBUST_GAMMA05 | MSE 0.033921 | MedSE 0.003982 | R2 -0.0030 | Long 0.0299 | Short -0.0012 | Long-Short 0.0311
Month 1995-08 | M2_ROBUST_GAMMA05 | MSE 0.024222 | MedSE 0.003204 | R2 -0.0113 | Long 0.0181 | Short 0.0256 | Long-Short -0.0075
Month 1995-09 | M2_ROBUST_GAMMA05 | MSE 0.026057 | MedSE 0.007428 | R2 -0.3740 | Long -0.0698 | Short -0.0516 | Long-Short -0.0183
Month 1995-10 | M2_ROBUST_GAMMA05 | MSE 0.023798 | MedSE 0.003828 | R2 -0.0339 | Long 0.0007 | Short 0.0218 | Long-Short -0.0211
Month 1995-11 | M2_ROBUST_GAMMA05 | MSE 0.028496 | MedSE 0.004612 | R2 -0.0400 | Long 0.0447 | Short 0.0090 | Long-Short 0.0357
Month 1995-12 | M2_ROBUST_GAMMA05 | MSE 0.031362 | MedSE 0.004687 | R2 -0.0016 | Long 0.0218 | Short 0.0238 | Long-Short -0.0020
Month 1996-01 | M2_ROBUST_GAMMA05 | MSE 0.029900 | MedSE 0.004134 | R2 -0.0046 | Long 0.0427 | Short 0.0652 | Long-Short -0.0225
Month 1996-02 | M2_ROBUST_GAMMA05 | MSE 0.023602 | MedSE 0.004197 | R2 -0.0124 | Long 0.0292 | Short 0.0150 | Long-Short 0.0142
Month 1996-03 | M2_ROBUST_GAMMA05 | MSE 0.034587 | MedSE 0.004717 | R2 -0.0023 | Long 0.0603 | Short 0.0556 | Long-Short 0.0048
Month 1996-04 | M2_ROBUST_GAMMA05 | MSE 0.058702 | MedSE 0.003970 | R2 -0.0066 | Long 0.0364 | Short 0.0756 | Long-Short -0.0392
Month 1996-05 | M2_ROBUST_GAMMA05 | MSE 0.023388 | MedSE 0.005567 | R2 -0.2719 | Long -0.0310 | Short -0.1534 | Long-Short 0.1224
Month 1996-06 | M2_ROBUST_GAMMA05 | MSE 0.033594 | MedSE 0.011079 | R2 -0.6777 | Long -0.0828 | Short -0.1281 | Long-Short 0.0453
Month 1996-07 | M2_ROBUST_GAMMA05 | MSE 0.021234 | MedSE 0.002891 | R2 -0.0006 | Long 0.0535 | Short 0.0569 | Long-Short -0.0034
Month 1996-08 | M2_ROBUST_GAMMA05 | MSE 0.021135 | MedSE 0.003437 | R2 -0.0123 | Long 0.0349 | Short 0.0423 | Long-Short -0.0074
Month 1996-09 | M2_ROBUST_GAMMA05 | MSE 0.024543 | MedSE 0.005136 | R2 -0.1739 | Long -0.0224 | Short -0.0225 | Long-Short 0.0000
Month 1996-10 | M2_ROBUST_GAMMA05 | MSE 0.023665 | MedSE 0.003718 | R2 -0.0102 | Long 0.0404 | Short 0.0170 | Long-Short 0.0234
Month 1996-11 | M2_ROBUST_GAMMA05 | MSE 0.025097 | MedSE 0.004820 | R2 -0.0928 | Long -0.0291 | Short 0.0004 | Long-Short -0.0295
Month 1996-12 | M2_ROBUST_GAMMA05 | MSE 0.039249 | MedSE 0.004599 | R2 -0.0113 | Long 0.0873 | Short 0.0771 | Long-Short 0.0102
Saved metrics for M2_ROBUST_GAMMA05 to /content/drive/MyDrive/FYP/phase2_2/gamma_refinement/results/m2_robust_gamma05_seed62_cap05/sanity_metrics_m2_robust_gamma05.csv
Wrote summary to /content/drive/MyDrive/FYP/phase2_2/gamma_refinement/results/m2_robust_gamma05_seed62_cap05/sanity_summary_m2_robust_gamma05.json
Long-Short stats | Cumulative 0.1342 | Std 0.0348 | Sharpe 0.5796
Loss curve saved to /content/drive/MyDrive/FYP/phase2_2/gamma_refinement/results/m2_robust_gamma05_seed62_cap05/m2_robust_gamma05_loss_curve.png
Long-Short return curve saved to /content/drive/MyDrive/FYP/phase2_2/gamma_refinement/results/m2_robust_gamma05_seed62_cap05/m2_robust_gamma05_returns_curve.png
M2_ROBUST_GAMMA05 实验完成。

提示：批量比较 7 个 loss 时，请使用对应 runner 或 run_all_experiments.py。
  OK
[7/15] m2_robust_gamma07_seed42_cap05
=== Sanity Check: Static 5Y Train / 6M Test ===
Loaded 3197287 rows from raw panel.
Using MLPConfig: MLPConfig(input_dim=15, hidden_dims=[64, 32, 16], activation='tanh', dropout=0.0)
Epoch 1/20 finished for M2_ROBUST_GAMMA07.
Epoch 5/20 finished for M2_ROBUST_GAMMA07.
Epoch 10/20 finished for M2_ROBUST_GAMMA07.
Epoch 15/20 finished for M2_ROBUST_GAMMA07.
Epoch 20/20 finished for M2_ROBUST_GAMMA07.
Rebalancing monthly: Top 10% predictions -> Long, Bottom 10% -> Short.
Month 1995-01 | M2_ROBUST_GAMMA07 | MSE 0.044070 | MedSE 0.003118 | R2 -0.0047 | Long 0.0430 | Short 0.0044 | Long-Short 0.0386
Month 1995-02 | M2_ROBUST_GAMMA07 | MSE 0.024115 | MedSE 0.004379 | R2 -0.0327 | Long 0.0586 | Short 0.0494 | Long-Short 0.0092
Month 1995-03 | M2_ROBUST_GAMMA07 | MSE 0.025475 | MedSE 0.003437 | R2 -0.0163 | Long 0.0347 | Short 0.0415 | Long-Short -0.0067
Month 1995-04 | M2_ROBUST_GAMMA07 | MSE 0.029361 | MedSE 0.003772 | R2 -0.0212 | Long 0.0057 | Short 0.0040 | Long-Short 0.0017
Month 1995-05 | M2_ROBUST_GAMMA07 | MSE 0.031527 | MedSE 0.003903 | R2 -0.0007 | Long 0.0670 | Short 0.1024 | Long-Short -0.0354
Month 1995-06 | M2_ROBUST_GAMMA07 | MSE 0.030238 | MedSE 0.003978 | R2 -0.0020 | Long 0.0741 | Short 0.1078 | Long-Short -0.0336
Month 1995-07 | M2_ROBUST_GAMMA07 | MSE 0.033982 | MedSE 0.004166 | R2 -0.0048 | Long 0.0320 | Short 0.0042 | Long-Short 0.0278
Month 1995-08 | M2_ROBUST_GAMMA07 | MSE 0.024314 | MedSE 0.003334 | R2 -0.0152 | Long 0.0268 | Short 0.0284 | Long-Short -0.0017
Month 1995-09 | M2_ROBUST_GAMMA07 | MSE 0.026517 | MedSE 0.007785 | R2 -0.3983 | Long -0.0462 | Short -0.0688 | Long-Short 0.0225
Month 1995-10 | M2_ROBUST_GAMMA07 | MSE 0.023966 | MedSE 0.003901 | R2 -0.0412 | Long 0.0324 | Short 0.0340 | Long-Short -0.0017
Month 1995-11 | M2_ROBUST_GAMMA07 | MSE 0.028685 | MedSE 0.004826 | R2 -0.0469 | Long 0.0032 | Short -0.0194 | Long-Short 0.0227
Month 1995-12 | M2_ROBUST_GAMMA07 | MSE 0.031428 | MedSE 0.004870 | R2 -0.0037 | Long 0.0297 | Short -0.0059 | Long-Short 0.0356
Month 1996-01 | M2_ROBUST_GAMMA07 | MSE 0.029965 | MedSE 0.004285 | R2 -0.0068 | Long 0.0515 | Short 0.0747 | Long-Short -0.0231
Month 1996-02 | M2_ROBUST_GAMMA07 | MSE 0.023703 | MedSE 0.004371 | R2 -0.0167 | Long 0.0262 | Short 0.0037 | Long-Short 0.0225
Month 1996-03 | M2_ROBUST_GAMMA07 | MSE 0.034577 | MedSE 0.004946 | R2 -0.0020 | Long 0.0871 | Short 0.1070 | Long-Short -0.0199
Month 1996-04 | M2_ROBUST_GAMMA07 | MSE 0.058583 | MedSE 0.004104 | R2 -0.0046 | Long 0.1157 | Short 0.0730 | Long-Short 0.0426
Month 1996-05 | M2_ROBUST_GAMMA07 | MSE 0.023756 | MedSE 0.005841 | R2 -0.2919 | Long -0.0481 | Short -0.1150 | Long-Short 0.0669
Month 1996-06 | M2_ROBUST_GAMMA07 | MSE 0.034198 | MedSE 0.011615 | R2 -0.7079 | Long -0.1240 | Short -0.1545 | Long-Short 0.0305
Month 1996-07 | M2_ROBUST_GAMMA07 | MSE 0.021243 | MedSE 0.002895 | R2 -0.0011 | Long 0.0764 | Short 0.0766 | Long-Short -0.0002
Month 1996-08 | M2_ROBUST_GAMMA07 | MSE 0.021228 | MedSE 0.003610 | R2 -0.0167 | Long 0.0395 | Short 0.0595 | Long-Short -0.0200
Month 1996-09 | M2_ROBUST_GAMMA07 | MSE 0.024886 | MedSE 0.005361 | R2 -0.1903 | Long -0.0632 | Short -0.0488 | Long-Short -0.0144
Month 1996-10 | M2_ROBUST_GAMMA07 | MSE 0.023751 | MedSE 0.003754 | R2 -0.0139 | Long 0.0339 | Short 0.0264 | Long-Short 0.0075
Month 1996-11 | M2_ROBUST_GAMMA07 | MSE 0.025354 | MedSE 0.005082 | R2 -0.1040 | Long -0.0200 | Short -0.0199 | Long-Short -0.0001
Month 1996-12 | M2_ROBUST_GAMMA07 | MSE 0.039151 | MedSE 0.004682 | R2 -0.0088 | Long 0.0796 | Short 0.0880 | Long-Short -0.0084
Saved metrics for M2_ROBUST_GAMMA07 to /content/drive/MyDrive/FYP/phase2_2/gamma_refinement/results/m2_robust_gamma07_seed42_cap05/sanity_metrics_m2_robust_gamma07.csv
Wrote summary to /content/drive/MyDrive/FYP/phase2_2/gamma_refinement/results/m2_robust_gamma07_seed42_cap05/sanity_summary_m2_robust_gamma07.json
Long-Short stats | Cumulative 0.1674 | Std 0.0258 | Sharpe 0.9097
Loss curve saved to /content/drive/MyDrive/FYP/phase2_2/gamma_refinement/results/m2_robust_gamma07_seed42_cap05/m2_robust_gamma07_loss_curve.png
Long-Short return curve saved to /content/drive/MyDrive/FYP/phase2_2/gamma_refinement/results/m2_robust_gamma07_seed42_cap05/m2_robust_gamma07_returns_curve.png
M2_ROBUST_GAMMA07 实验完成。

提示：批量比较 7 个 loss 时，请使用对应 runner 或 run_all_experiments.py。
  OK
[8/15] m2_robust_gamma07_seed52_cap05
=== Sanity Check: Static 5Y Train / 6M Test ===
Loaded 3197287 rows from raw panel.
Using MLPConfig: MLPConfig(input_dim=15, hidden_dims=[64, 32, 16], activation='tanh', dropout=0.0)
Epoch 1/20 finished for M2_ROBUST_GAMMA07.
Epoch 5/20 finished for M2_ROBUST_GAMMA07.
Epoch 10/20 finished for M2_ROBUST_GAMMA07.
Epoch 15/20 finished for M2_ROBUST_GAMMA07.
Epoch 20/20 finished for M2_ROBUST_GAMMA07.
Rebalancing monthly: Top 10% predictions -> Long, Bottom 10% -> Short.
Month 1995-01 | M2_ROBUST_GAMMA07 | MSE 0.044047 | MedSE 0.003087 | R2 -0.0041 | Long 0.0397 | Short -0.0470 | Long-Short 0.0867
Month 1995-02 | M2_ROBUST_GAMMA07 | MSE 0.024072 | MedSE 0.004360 | R2 -0.0308 | Long 0.0581 | Short 0.0517 | Long-Short 0.0064
Month 1995-03 | M2_ROBUST_GAMMA07 | MSE 0.025448 | MedSE 0.003431 | R2 -0.0152 | Long 0.0316 | Short 0.0142 | Long-Short 0.0173
Month 1995-04 | M2_ROBUST_GAMMA07 | MSE 0.029325 | MedSE 0.003713 | R2 -0.0200 | Long 0.0196 | Short -0.0128 | Long-Short 0.0324
Month 1995-05 | M2_ROBUST_GAMMA07 | MSE 0.031515 | MedSE 0.003859 | R2 -0.0003 | Long 0.0682 | Short 0.0857 | Long-Short -0.0175
Month 1995-06 | M2_ROBUST_GAMMA07 | MSE 0.030240 | MedSE 0.003940 | R2 -0.0021 | Long 0.0624 | Short 0.1419 | Long-Short -0.0794
Month 1995-07 | M2_ROBUST_GAMMA07 | MSE 0.033957 | MedSE 0.004138 | R2 -0.0041 | Long 0.0365 | Short -0.0447 | Long-Short 0.0812
Month 1995-08 | M2_ROBUST_GAMMA07 | MSE 0.024294 | MedSE 0.003292 | R2 -0.0143 | Long 0.0269 | Short 0.0114 | Long-Short 0.0155
Month 1995-09 | M2_ROBUST_GAMMA07 | MSE 0.026435 | MedSE 0.007689 | R2 -0.3939 | Long -0.0476 | Short -0.0724 | Long-Short 0.0248
Month 1995-10 | M2_ROBUST_GAMMA07 | MSE 0.023926 | MedSE 0.003890 | R2 -0.0394 | Long 0.0070 | Short 0.0267 | Long-Short -0.0197
Month 1995-11 | M2_ROBUST_GAMMA07 | MSE 0.028644 | MedSE 0.004739 | R2 -0.0454 | Long 0.0289 | Short -0.0145 | Long-Short 0.0434
Month 1995-12 | M2_ROBUST_GAMMA07 | MSE 0.031406 | MedSE 0.004808 | R2 -0.0030 | Long 0.0513 | Short -0.0270 | Long-Short 0.0783
Month 1996-01 | M2_ROBUST_GAMMA07 | MSE 0.029948 | MedSE 0.004265 | R2 -0.0063 | Long 0.0492 | Short 0.0701 | Long-Short -0.0209
Month 1996-02 | M2_ROBUST_GAMMA07 | MSE 0.023675 | MedSE 0.004339 | R2 -0.0155 | Long 0.0306 | Short 0.0017 | Long-Short 0.0289
Month 1996-03 | M2_ROBUST_GAMMA07 | MSE 0.034566 | MedSE 0.004907 | R2 -0.0017 | Long 0.0847 | Short 0.1019 | Long-Short -0.0172
Month 1996-04 | M2_ROBUST_GAMMA07 | MSE 0.058619 | MedSE 0.004056 | R2 -0.0052 | Long 0.0616 | Short 0.1001 | Long-Short -0.0384
Month 1996-05 | M2_ROBUST_GAMMA07 | MSE 0.023657 | MedSE 0.005780 | R2 -0.2865 | Long -0.0253 | Short -0.1530 | Long-Short 0.1277
Month 1996-06 | M2_ROBUST_GAMMA07 | MSE 0.034080 | MedSE 0.011574 | R2 -0.7020 | Long -0.0972 | Short -0.1932 | Long-Short 0.0959
Month 1996-07 | M2_ROBUST_GAMMA07 | MSE 0.021234 | MedSE 0.002882 | R2 -0.0006 | Long 0.0623 | Short 0.0726 | Long-Short -0.0103
Month 1996-08 | M2_ROBUST_GAMMA07 | MSE 0.021205 | MedSE 0.003567 | R2 -0.0156 | Long 0.0183 | Short 0.0798 | Long-Short -0.0615
Month 1996-09 | M2_ROBUST_GAMMA07 | MSE 0.024815 | MedSE 0.005296 | R2 -0.1869 | Long -0.0291 | Short -0.0645 | Long-Short 0.0354
Month 1996-10 | M2_ROBUST_GAMMA07 | MSE 0.023731 | MedSE 0.003759 | R2 -0.0130 | Long 0.0232 | Short 0.0046 | Long-Short 0.0186
Month 1996-11 | M2_ROBUST_GAMMA07 | MSE 0.025306 | MedSE 0.005019 | R2 -0.1019 | Long -0.0158 | Short -0.0195 | Long-Short 0.0037
Month 1996-12 | M2_ROBUST_GAMMA07 | MSE 0.039161 | MedSE 0.004653 | R2 -0.0090 | Long 0.0808 | Short 0.1247 | Long-Short -0.0439
Saved metrics for M2_ROBUST_GAMMA07 to /content/drive/MyDrive/FYP/phase2_2/gamma_refinement/results/m2_robust_gamma07_seed52_cap05/sanity_metrics_m2_robust_gamma07.csv
Wrote summary to /content/drive/MyDrive/FYP/phase2_2/gamma_refinement/results/m2_robust_gamma07_seed52_cap05/sanity_summary_m2_robust_gamma07.json
Long-Short stats | Cumulative 0.4256 | Std 0.0515 | Sharpe 1.0840
Loss curve saved to /content/drive/MyDrive/FYP/phase2_2/gamma_refinement/results/m2_robust_gamma07_seed52_cap05/m2_robust_gamma07_loss_curve.png
Long-Short return curve saved to /content/drive/MyDrive/FYP/phase2_2/gamma_refinement/results/m2_robust_gamma07_seed52_cap05/m2_robust_gamma07_returns_curve.png
M2_ROBUST_GAMMA07 实验完成。

提示：批量比较 7 个 loss 时，请使用对应 runner 或 run_all_experiments.py。
  OK
[9/15] m2_robust_gamma07_seed62_cap05
=== Sanity Check: Static 5Y Train / 6M Test ===
Loaded 3197287 rows from raw panel.
Using MLPConfig: MLPConfig(input_dim=15, hidden_dims=[64, 32, 16], activation='tanh', dropout=0.0)
Epoch 1/20 finished for M2_ROBUST_GAMMA07.
Epoch 5/20 finished for M2_ROBUST_GAMMA07.
Epoch 10/20 finished for M2_ROBUST_GAMMA07.
Epoch 15/20 finished for M2_ROBUST_GAMMA07.
Epoch 20/20 finished for M2_ROBUST_GAMMA07.
Rebalancing monthly: Top 10% predictions -> Long, Bottom 10% -> Short.
Month 1995-01 | M2_ROBUST_GAMMA07 | MSE 0.044039 | MedSE 0.003101 | R2 -0.0039 | Long 0.0539 | Short -0.0174 | Long-Short 0.0713
Month 1995-02 | M2_ROBUST_GAMMA07 | MSE 0.024056 | MedSE 0.004326 | R2 -0.0302 | Long 0.0650 | Short 0.0638 | Long-Short 0.0012
Month 1995-03 | M2_ROBUST_GAMMA07 | MSE 0.025433 | MedSE 0.003409 | R2 -0.0146 | Long 0.0221 | Short 0.0391 | Long-Short -0.0170
Month 1995-04 | M2_ROBUST_GAMMA07 | MSE 0.029306 | MedSE 0.003688 | R2 -0.0193 | Long 0.0186 | Short -0.0053 | Long-Short 0.0240
Month 1995-05 | M2_ROBUST_GAMMA07 | MSE 0.031527 | MedSE 0.003845 | R2 -0.0007 | Long 0.0825 | Short 0.1126 | Long-Short -0.0302
Month 1995-06 | M2_ROBUST_GAMMA07 | MSE 0.030249 | MedSE 0.003937 | R2 -0.0024 | Long 0.0710 | Short 0.1214 | Long-Short -0.0504
Month 1995-07 | M2_ROBUST_GAMMA07 | MSE 0.033955 | MedSE 0.004080 | R2 -0.0040 | Long 0.0317 | Short -0.0099 | Long-Short 0.0416
Month 1995-08 | M2_ROBUST_GAMMA07 | MSE 0.024275 | MedSE 0.003288 | R2 -0.0135 | Long 0.0295 | Short 0.0270 | Long-Short 0.0025
Month 1995-09 | M2_ROBUST_GAMMA07 | MSE 0.026333 | MedSE 0.007624 | R2 -0.3886 | Long -0.0363 | Short -0.0736 | Long-Short 0.0374
Month 1995-10 | M2_ROBUST_GAMMA07 | MSE 0.023904 | MedSE 0.003877 | R2 -0.0385 | Long 0.0318 | Short 0.0434 | Long-Short -0.0116
Month 1995-11 | M2_ROBUST_GAMMA07 | MSE 0.028611 | MedSE 0.004733 | R2 -0.0442 | Long 0.0105 | Short -0.0102 | Long-Short 0.0207
Month 1995-12 | M2_ROBUST_GAMMA07 | MSE 0.031402 | MedSE 0.004788 | R2 -0.0029 | Long 0.0486 | Short -0.0245 | Long-Short 0.0732
Month 1996-01 | M2_ROBUST_GAMMA07 | MSE 0.029935 | MedSE 0.004227 | R2 -0.0058 | Long 0.0512 | Short 0.0744 | Long-Short -0.0232
Month 1996-02 | M2_ROBUST_GAMMA07 | MSE 0.023658 | MedSE 0.004307 | R2 -0.0148 | Long 0.0410 | Short 0.0048 | Long-Short 0.0362
Month 1996-03 | M2_ROBUST_GAMMA07 | MSE 0.034589 | MedSE 0.004855 | R2 -0.0023 | Long 0.0471 | Short 0.1087 | Long-Short -0.0616
Month 1996-04 | M2_ROBUST_GAMMA07 | MSE 0.058636 | MedSE 0.004049 | R2 -0.0055 | Long 0.0541 | Short 0.0793 | Long-Short -0.0252
Month 1996-05 | M2_ROBUST_GAMMA07 | MSE 0.023603 | MedSE 0.005727 | R2 -0.2836 | Long -0.0288 | Short -0.1460 | Long-Short 0.1172
Month 1996-06 | M2_ROBUST_GAMMA07 | MSE 0.033952 | MedSE 0.011436 | R2 -0.6956 | Long -0.0789 | Short -0.1676 | Long-Short 0.0888
Month 1996-07 | M2_ROBUST_GAMMA07 | MSE 0.021240 | MedSE 0.002869 | R2 -0.0009 | Long 0.0431 | Short 0.0856 | Long-Short -0.0426
Month 1996-08 | M2_ROBUST_GAMMA07 | MSE 0.021189 | MedSE 0.003554 | R2 -0.0148 | Long 0.0246 | Short 0.0728 | Long-Short -0.0482
Month 1996-09 | M2_ROBUST_GAMMA07 | MSE 0.024740 | MedSE 0.005279 | R2 -0.1833 | Long -0.0101 | Short -0.0596 | Long-Short 0.0494
Month 1996-10 | M2_ROBUST_GAMMA07 | MSE 0.023713 | MedSE 0.003743 | R2 -0.0123 | Long 0.0401 | Short 0.0186 | Long-Short 0.0215
Month 1996-11 | M2_ROBUST_GAMMA07 | MSE 0.025250 | MedSE 0.004975 | R2 -0.0995 | Long -0.0250 | Short -0.0196 | Long-Short -0.0054
Month 1996-12 | M2_ROBUST_GAMMA07 | MSE 0.039188 | MedSE 0.004677 | R2 -0.0097 | Long 0.0870 | Short 0.1098 | Long-Short -0.0228
Saved metrics for M2_ROBUST_GAMMA07 to /content/drive/MyDrive/FYP/phase2_2/gamma_refinement/results/m2_robust_gamma07_seed62_cap05/sanity_metrics_m2_robust_gamma07.csv
Wrote summary to /content/drive/MyDrive/FYP/phase2_2/gamma_refinement/results/m2_robust_gamma07_seed62_cap05/sanity_summary_m2_robust_gamma07.json
Long-Short stats | Cumulative 0.2468 | Std 0.0473 | Sharpe 0.7532
Loss curve saved to /content/drive/MyDrive/FYP/phase2_2/gamma_refinement/results/m2_robust_gamma07_seed62_cap05/m2_robust_gamma07_loss_curve.png
Long-Short return curve saved to /content/drive/MyDrive/FYP/phase2_2/gamma_refinement/results/m2_robust_gamma07_seed62_cap05/m2_robust_gamma07_returns_curve.png
M2_ROBUST_GAMMA07 实验完成。

提示：批量比较 7 个 loss 时，请使用对应 runner 或 run_all_experiments.py。
  OK
[10/15] m2_robust_gamma10_seed42_cap05
=== Sanity Check: Static 5Y Train / 6M Test ===
Loaded 3197287 rows from raw panel.
Using MLPConfig: MLPConfig(input_dim=15, hidden_dims=[64, 32, 16], activation='tanh', dropout=0.0)
Epoch 1/20 finished for M2_ROBUST_GAMMA10.
Epoch 5/20 finished for M2_ROBUST_GAMMA10.
Epoch 10/20 finished for M2_ROBUST_GAMMA10.
Epoch 15/20 finished for M2_ROBUST_GAMMA10.
Epoch 20/20 finished for M2_ROBUST_GAMMA10.
Rebalancing monthly: Top 10% predictions -> Long, Bottom 10% -> Short.
Month 1995-01 | M2_ROBUST_GAMMA10 | MSE 0.044070 | MedSE 0.003123 | R2 -0.0047 | Long 0.0304 | Short -0.0508 | Long-Short 0.0812
Month 1995-02 | M2_ROBUST_GAMMA10 | MSE 0.024117 | MedSE 0.004401 | R2 -0.0328 | Long 0.0084 | Short 0.0504 | Long-Short -0.0420
Month 1995-03 | M2_ROBUST_GAMMA10 | MSE 0.025474 | MedSE 0.003456 | R2 -0.0163 | Long 0.0233 | Short 0.0106 | Long-Short 0.0127
Month 1995-04 | M2_ROBUST_GAMMA10 | MSE 0.029357 | MedSE 0.003760 | R2 -0.0211 | Long 0.0109 | Short -0.0139 | Long-Short 0.0248
Month 1995-05 | M2_ROBUST_GAMMA10 | MSE 0.031525 | MedSE 0.003922 | R2 -0.0007 | Long 0.0308 | Short 0.0616 | Long-Short -0.0308
Month 1995-06 | M2_ROBUST_GAMMA10 | MSE 0.030236 | MedSE 0.003949 | R2 -0.0020 | Long 0.0298 | Short 0.1482 | Long-Short -0.1184
Month 1995-07 | M2_ROBUST_GAMMA10 | MSE 0.033981 | MedSE 0.004157 | R2 -0.0048 | Long 0.0357 | Short -0.0830 | Long-Short 0.1187
Month 1995-08 | M2_ROBUST_GAMMA10 | MSE 0.024310 | MedSE 0.003325 | R2 -0.0150 | Long 0.0321 | Short 0.0065 | Long-Short 0.0256
Month 1995-09 | M2_ROBUST_GAMMA10 | MSE 0.026507 | MedSE 0.007791 | R2 -0.3977 | Long -0.0276 | Short -0.0678 | Long-Short 0.0402
Month 1995-10 | M2_ROBUST_GAMMA10 | MSE 0.023967 | MedSE 0.003885 | R2 -0.0412 | Long -0.0011 | Short 0.0352 | Long-Short -0.0363
Month 1995-11 | M2_ROBUST_GAMMA10 | MSE 0.028685 | MedSE 0.004817 | R2 -0.0469 | Long 0.0199 | Short 0.0154 | Long-Short 0.0045
Month 1995-12 | M2_ROBUST_GAMMA10 | MSE 0.031433 | MedSE 0.004863 | R2 -0.0039 | Long 0.0272 | Short -0.0203 | Long-Short 0.0474
Month 1996-01 | M2_ROBUST_GAMMA10 | MSE 0.029957 | MedSE 0.004291 | R2 -0.0066 | Long 0.0280 | Short 0.0325 | Long-Short -0.0045
Month 1996-02 | M2_ROBUST_GAMMA10 | MSE 0.023704 | MedSE 0.004393 | R2 -0.0167 | Long 0.0280 | Short 0.0169 | Long-Short 0.0111
Month 1996-03 | M2_ROBUST_GAMMA10 | MSE 0.034580 | MedSE 0.004948 | R2 -0.0021 | Long 0.0269 | Short 0.1016 | Long-Short -0.0747
Month 1996-04 | M2_ROBUST_GAMMA10 | MSE 0.058600 | MedSE 0.004105 | R2 -0.0049 | Long 0.0672 | Short 0.1223 | Long-Short -0.0551
Month 1996-05 | M2_ROBUST_GAMMA10 | MSE 0.023756 | MedSE 0.005833 | R2 -0.2919 | Long 0.0037 | Short -0.1483 | Long-Short 0.1520
Month 1996-06 | M2_ROBUST_GAMMA10 | MSE 0.034175 | MedSE 0.011622 | R2 -0.7068 | Long -0.0324 | Short -0.2182 | Long-Short 0.1857
Month 1996-07 | M2_ROBUST_GAMMA10 | MSE 0.021243 | MedSE 0.002910 | R2 -0.0011 | Long 0.0294 | Short 0.0531 | Long-Short -0.0237
Month 1996-08 | M2_ROBUST_GAMMA10 | MSE 0.021226 | MedSE 0.003618 | R2 -0.0166 | Long 0.0179 | Short 0.0853 | Long-Short -0.0674
Month 1996-09 | M2_ROBUST_GAMMA10 | MSE 0.024865 | MedSE 0.005374 | R2 -0.1893 | Long 0.0029 | Short -0.0525 | Long-Short 0.0553
Month 1996-10 | M2_ROBUST_GAMMA10 | MSE 0.023751 | MedSE 0.003784 | R2 -0.0139 | Long 0.0239 | Short 0.0064 | Long-Short 0.0175
Month 1996-11 | M2_ROBUST_GAMMA10 | MSE 0.025341 | MedSE 0.005084 | R2 -0.1035 | Long 0.0038 | Short 0.0066 | Long-Short -0.0029
Month 1996-12 | M2_ROBUST_GAMMA10 | MSE 0.039160 | MedSE 0.004695 | R2 -0.0090 | Long 0.0468 | Short 0.1343 | Long-Short -0.0875
Saved metrics for M2_ROBUST_GAMMA10 to /content/drive/MyDrive/FYP/phase2_2/gamma_refinement/results/m2_robust_gamma10_seed42_cap05/sanity_metrics_m2_robust_gamma10.csv
Wrote summary to /content/drive/MyDrive/FYP/phase2_2/gamma_refinement/results/m2_robust_gamma10_seed42_cap05/sanity_summary_m2_robust_gamma10.json
Long-Short stats | Cumulative 0.1887 | Std 0.0735 | Sharpe 0.4587
Loss curve saved to /content/drive/MyDrive/FYP/phase2_2/gamma_refinement/results/m2_robust_gamma10_seed42_cap05/m2_robust_gamma10_loss_curve.png
Long-Short return curve saved to /content/drive/MyDrive/FYP/phase2_2/gamma_refinement/results/m2_robust_gamma10_seed42_cap05/m2_robust_gamma10_returns_curve.png
M2_ROBUST_GAMMA10 实验完成。

提示：批量比较 7 个 loss 时，请使用对应 runner 或 run_all_experiments.py。
  OK
[11/15] m2_robust_gamma10_seed52_cap05
=== Sanity Check: Static 5Y Train / 6M Test ===
Loaded 3197287 rows from raw panel.
Using MLPConfig: MLPConfig(input_dim=15, hidden_dims=[64, 32, 16], activation='tanh', dropout=0.0)
Epoch 1/20 finished for M2_ROBUST_GAMMA10.
Epoch 5/20 finished for M2_ROBUST_GAMMA10.
Epoch 10/20 finished for M2_ROBUST_GAMMA10.
Epoch 15/20 finished for M2_ROBUST_GAMMA10.
Epoch 20/20 finished for M2_ROBUST_GAMMA10.
Rebalancing monthly: Top 10% predictions -> Long, Bottom 10% -> Short.
Month 1995-01 | M2_ROBUST_GAMMA10 | MSE 0.044135 | MedSE 0.003161 | R2 -0.0061 | Long 0.0436 | Short 0.0140 | Long-Short 0.0296
Month 1995-02 | M2_ROBUST_GAMMA10 | MSE 0.024227 | MedSE 0.004524 | R2 -0.0375 | Long 0.0391 | Short 0.0458 | Long-Short -0.0067
Month 1995-03 | M2_ROBUST_GAMMA10 | MSE 0.025560 | MedSE 0.003554 | R2 -0.0197 | Long 0.0295 | Short 0.0384 | Long-Short -0.0088
Month 1995-04 | M2_ROBUST_GAMMA10 | MSE 0.029455 | MedSE 0.003872 | R2 -0.0245 | Long 0.0131 | Short 0.0095 | Long-Short 0.0036
Month 1995-05 | M2_ROBUST_GAMMA10 | MSE 0.031511 | MedSE 0.004007 | R2 -0.0002 | Long 0.0655 | Short 0.0729 | Long-Short -0.0074
Month 1995-06 | M2_ROBUST_GAMMA10 | MSE 0.030206 | MedSE 0.004088 | R2 -0.0009 | Long 0.0537 | Short 0.0825 | Long-Short -0.0288
Month 1995-07 | M2_ROBUST_GAMMA10 | MSE 0.034042 | MedSE 0.004248 | R2 -0.0066 | Long 0.0253 | Short 0.0035 | Long-Short 0.0218
Month 1995-08 | M2_ROBUST_GAMMA10 | MSE 0.024398 | MedSE 0.003409 | R2 -0.0186 | Long 0.0350 | Short 0.0517 | Long-Short -0.0167
Month 1995-09 | M2_ROBUST_GAMMA10 | MSE 0.026881 | MedSE 0.008048 | R2 -0.4174 | Long -0.0698 | Short -0.0729 | Long-Short 0.0031
Month 1995-10 | M2_ROBUST_GAMMA10 | MSE 0.024087 | MedSE 0.003998 | R2 -0.0464 | Long 0.0290 | Short 0.0508 | Long-Short -0.0218
Month 1995-11 | M2_ROBUST_GAMMA10 | MSE 0.028841 | MedSE 0.004974 | R2 -0.0526 | Long 0.0199 | Short -0.0067 | Long-Short 0.0266
Month 1995-12 | M2_ROBUST_GAMMA10 | MSE 0.031488 | MedSE 0.004937 | R2 -0.0056 | Long 0.0540 | Short 0.0311 | Long-Short 0.0229
Month 1996-01 | M2_ROBUST_GAMMA10 | MSE 0.030010 | MedSE 0.004436 | R2 -0.0083 | Long 0.0476 | Short -0.0023 | Long-Short 0.0499
Month 1996-02 | M2_ROBUST_GAMMA10 | MSE 0.023790 | MedSE 0.004524 | R2 -0.0204 | Long 0.0259 | Short 0.0155 | Long-Short 0.0104
Month 1996-03 | M2_ROBUST_GAMMA10 | MSE 0.034541 | MedSE 0.005102 | R2 -0.0009 | Long 0.0629 | Short 0.0693 | Long-Short -0.0064
Month 1996-04 | M2_ROBUST_GAMMA10 | MSE 0.058532 | MedSE 0.004202 | R2 -0.0037 | Long 0.0672 | Short 0.0313 | Long-Short 0.0359
Month 1996-05 | M2_ROBUST_GAMMA10 | MSE 0.024088 | MedSE 0.006019 | R2 -0.3099 | Long -0.0361 | Short -0.1038 | Long-Short 0.0677
Month 1996-06 | M2_ROBUST_GAMMA10 | MSE 0.034708 | MedSE 0.011981 | R2 -0.7334 | Long -0.0976 | Short -0.1267 | Long-Short 0.0291
Month 1996-07 | M2_ROBUST_GAMMA10 | MSE 0.021249 | MedSE 0.002953 | R2 -0.0013 | Long 0.0539 | Short 0.0395 | Long-Short 0.0144
Month 1996-08 | M2_ROBUST_GAMMA10 | MSE 0.021299 | MedSE 0.003679 | R2 -0.0201 | Long 0.0378 | Short 0.0465 | Long-Short -0.0087
Month 1996-09 | M2_ROBUST_GAMMA10 | MSE 0.025131 | MedSE 0.005483 | R2 -0.2020 | Long -0.0308 | Short -0.0780 | Long-Short 0.0472
Month 1996-10 | M2_ROBUST_GAMMA10 | MSE 0.023831 | MedSE 0.003795 | R2 -0.0173 | Long 0.0132 | Short 0.0006 | Long-Short 0.0126
Month 1996-11 | M2_ROBUST_GAMMA10 | MSE 0.025549 | MedSE 0.005204 | R2 -0.1125 | Long -0.0000 | Short -0.0175 | Long-Short 0.0175
Month 1996-12 | M2_ROBUST_GAMMA10 | MSE 0.039078 | MedSE 0.004728 | R2 -0.0069 | Long 0.0673 | Short 0.0840 | Long-Short -0.0167
Saved metrics for M2_ROBUST_GAMMA10 to /content/drive/MyDrive/FYP/phase2_2/gamma_refinement/results/m2_robust_gamma10_seed52_cap05/sanity_metrics_m2_robust_gamma10.csv
Wrote summary to /content/drive/MyDrive/FYP/phase2_2/gamma_refinement/results/m2_robust_gamma10_seed52_cap05/sanity_summary_m2_robust_gamma10.json
Long-Short stats | Cumulative 0.2994 | Std 0.0246 | Sharpe 1.5847
Loss curve saved to /content/drive/MyDrive/FYP/phase2_2/gamma_refinement/results/m2_robust_gamma10_seed52_cap05/m2_robust_gamma10_loss_curve.png
Long-Short return curve saved to /content/drive/MyDrive/FYP/phase2_2/gamma_refinement/results/m2_robust_gamma10_seed52_cap05/m2_robust_gamma10_returns_curve.png
M2_ROBUST_GAMMA10 实验完成。

提示：批量比较 7 个 loss 时，请使用对应 runner 或 run_all_experiments.py。
  OK
[12/15] m2_robust_gamma10_seed62_cap05
=== Sanity Check: Static 5Y Train / 6M Test ===
Loaded 3197287 rows from raw panel.
Using MLPConfig: MLPConfig(input_dim=15, hidden_dims=[64, 32, 16], activation='tanh', dropout=0.0)
Epoch 1/20 finished for M2_ROBUST_GAMMA10.
Epoch 5/20 finished for M2_ROBUST_GAMMA10.
Epoch 10/20 finished for M2_ROBUST_GAMMA10.
Epoch 15/20 finished for M2_ROBUST_GAMMA10.
Epoch 20/20 finished for M2_ROBUST_GAMMA10.
Rebalancing monthly: Top 10% predictions -> Long, Bottom 10% -> Short.
Month 1995-01 | M2_ROBUST_GAMMA10 | MSE 0.044044 | MedSE 0.003077 | R2 -0.0041 | Long 0.0296 | Short 0.0201 | Long-Short 0.0094
Month 1995-02 | M2_ROBUST_GAMMA10 | MSE 0.024016 | MedSE 0.004285 | R2 -0.0284 | Long 0.0363 | Short 0.0150 | Long-Short 0.0213
Month 1995-03 | M2_ROBUST_GAMMA10 | MSE 0.025405 | MedSE 0.003359 | R2 -0.0135 | Long 0.0422 | Short 0.0014 | Long-Short 0.0408
Month 1995-04 | M2_ROBUST_GAMMA10 | MSE 0.029287 | MedSE 0.003673 | R2 -0.0186 | Long 0.0459 | Short 0.0207 | Long-Short 0.0252
Month 1995-05 | M2_ROBUST_GAMMA10 | MSE 0.031495 | MedSE 0.003833 | R2 0.0003 | Long 0.0789 | Short 0.0232 | Long-Short 0.0557
Month 1995-06 | M2_ROBUST_GAMMA10 | MSE 0.030225 | MedSE 0.003881 | R2 -0.0016 | Long 0.0786 | Short 0.0549 | Long-Short 0.0237
Month 1995-07 | M2_ROBUST_GAMMA10 | MSE 0.033954 | MedSE 0.004024 | R2 -0.0040 | Long 0.0239 | Short 0.0044 | Long-Short 0.0194
Month 1995-08 | M2_ROBUST_GAMMA10 | MSE 0.024260 | MedSE 0.003273 | R2 -0.0129 | Long 0.0303 | Short 0.0404 | Long-Short -0.0101
Month 1995-09 | M2_ROBUST_GAMMA10 | MSE 0.026266 | MedSE 0.007581 | R2 -0.3850 | Long -0.0730 | Short -0.0479 | Long-Short -0.0251
Month 1995-10 | M2_ROBUST_GAMMA10 | MSE 0.023867 | MedSE 0.003852 | R2 -0.0369 | Long 0.0440 | Short 0.0230 | Long-Short 0.0210
Month 1995-11 | M2_ROBUST_GAMMA10 | MSE 0.028587 | MedSE 0.004697 | R2 -0.0433 | Long 0.0043 | Short 0.0477 | Long-Short -0.0435
Month 1995-12 | M2_ROBUST_GAMMA10 | MSE 0.031401 | MedSE 0.004729 | R2 -0.0028 | Long 0.0488 | Short 0.0213 | Long-Short 0.0275
Month 1996-01 | M2_ROBUST_GAMMA10 | MSE 0.029918 | MedSE 0.004177 | R2 -0.0052 | Long 0.0193 | Short 0.0199 | Long-Short -0.0006
Month 1996-02 | M2_ROBUST_GAMMA10 | MSE 0.023656 | MedSE 0.004266 | R2 -0.0147 | Long 0.0238 | Short 0.0409 | Long-Short -0.0170
Month 1996-03 | M2_ROBUST_GAMMA10 | MSE 0.034552 | MedSE 0.004798 | R2 -0.0012 | Long 0.0654 | Short 0.0160 | Long-Short 0.0493
Month 1996-04 | M2_ROBUST_GAMMA10 | MSE 0.058639 | MedSE 0.004008 | R2 -0.0055 | Long 0.0736 | Short 0.0691 | Long-Short 0.0045
Month 1996-05 | M2_ROBUST_GAMMA10 | MSE 0.023630 | MedSE 0.005692 | R2 -0.2850 | Long -0.0454 | Short -0.1084 | Long-Short 0.0630
Month 1996-06 | M2_ROBUST_GAMMA10 | MSE 0.033897 | MedSE 0.011277 | R2 -0.6928 | Long -0.1058 | Short -0.0823 | Long-Short -0.0235
Month 1996-07 | M2_ROBUST_GAMMA10 | MSE 0.021230 | MedSE 0.002862 | R2 -0.0004 | Long 0.0342 | Short 0.0354 | Long-Short -0.0012
Month 1996-08 | M2_ROBUST_GAMMA10 | MSE 0.021166 | MedSE 0.003518 | R2 -0.0138 | Long 0.0398 | Short 0.0443 | Long-Short -0.0044
Month 1996-09 | M2_ROBUST_GAMMA10 | MSE 0.024698 | MedSE 0.005204 | R2 -0.1813 | Long -0.0562 | Short 0.0003 | Long-Short -0.0564
Month 1996-10 | M2_ROBUST_GAMMA10 | MSE 0.023704 | MedSE 0.003750 | R2 -0.0119 | Long 0.0249 | Short 0.0174 | Long-Short 0.0075
Month 1996-11 | M2_ROBUST_GAMMA10 | MSE 0.025210 | MedSE 0.004922 | R2 -0.0977 | Long -0.0176 | Short 0.0108 | Long-Short -0.0284
Month 1996-12 | M2_ROBUST_GAMMA10 | MSE 0.039178 | MedSE 0.004622 | R2 -0.0095 | Long 0.0878 | Short 0.0329 | Long-Short 0.0549
Saved metrics for M2_ROBUST_GAMMA10 to /content/drive/MyDrive/FYP/phase2_2/gamma_refinement/results/m2_robust_gamma10_seed62_cap05/sanity_metrics_m2_robust_gamma10.csv
Wrote summary to /content/drive/MyDrive/FYP/phase2_2/gamma_refinement/results/m2_robust_gamma10_seed62_cap05/sanity_summary_m2_robust_gamma10.json
Long-Short stats | Cumulative 0.2224 | Std 0.0317 | Sharpe 0.9696
Loss curve saved to /content/drive/MyDrive/FYP/phase2_2/gamma_refinement/results/m2_robust_gamma10_seed62_cap05/m2_robust_gamma10_loss_curve.png
Long-Short return curve saved to /content/drive/MyDrive/FYP/phase2_2/gamma_refinement/results/m2_robust_gamma10_seed62_cap05/m2_robust_gamma10_returns_curve.png
M2_ROBUST_GAMMA10 实验完成。

提示：批量比较 7 个 loss 时，请使用对应 runner 或 run_all_experiments.py。
  OK
[13/15] m2_robust_gamma15_seed42_cap05
=== Sanity Check: Static 5Y Train / 6M Test ===
Loaded 3197287 rows from raw panel.
Using MLPConfig: MLPConfig(input_dim=15, hidden_dims=[64, 32, 16], activation='tanh', dropout=0.0)
Epoch 1/20 finished for M2_ROBUST_GAMMA15.
Epoch 5/20 finished for M2_ROBUST_GAMMA15.
Epoch 10/20 finished for M2_ROBUST_GAMMA15.
Epoch 15/20 finished for M2_ROBUST_GAMMA15.
Epoch 20/20 finished for M2_ROBUST_GAMMA15.
Rebalancing monthly: Top 10% predictions -> Long, Bottom 10% -> Short.
Month 1995-01 | M2_ROBUST_GAMMA15 | MSE 0.044064 | MedSE 0.003119 | R2 -0.0045 | Long -0.0030 | Short -0.0446 | Long-Short 0.0416
Month 1995-02 | M2_ROBUST_GAMMA15 | MSE 0.024101 | MedSE 0.004376 | R2 -0.0321 | Long 0.0736 | Short 0.0653 | Long-Short 0.0083
Month 1995-03 | M2_ROBUST_GAMMA15 | MSE 0.025464 | MedSE 0.003445 | R2 -0.0158 | Long 0.0477 | Short 0.0361 | Long-Short 0.0116
Month 1995-04 | M2_ROBUST_GAMMA15 | MSE 0.029346 | MedSE 0.003742 | R2 -0.0207 | Long -0.0078 | Short -0.0064 | Long-Short -0.0014
Month 1995-05 | M2_ROBUST_GAMMA15 | MSE 0.031522 | MedSE 0.003885 | R2 -0.0006 | Long 0.0630 | Short 0.1155 | Long-Short -0.0525
Month 1995-06 | M2_ROBUST_GAMMA15 | MSE 0.030228 | MedSE 0.003963 | R2 -0.0017 | Long 0.1206 | Short 0.1310 | Long-Short -0.0103
Month 1995-07 | M2_ROBUST_GAMMA15 | MSE 0.033980 | MedSE 0.004156 | R2 -0.0048 | Long -0.0006 | Short -0.0047 | Long-Short 0.0041
Month 1995-08 | M2_ROBUST_GAMMA15 | MSE 0.024307 | MedSE 0.003314 | R2 -0.0149 | Long 0.0404 | Short 0.0227 | Long-Short 0.0177
Month 1995-09 | M2_ROBUST_GAMMA15 | MSE 0.026480 | MedSE 0.007762 | R2 -0.3963 | Long -0.0836 | Short -0.0713 | Long-Short -0.0123
Month 1995-10 | M2_ROBUST_GAMMA15 | MSE 0.023950 | MedSE 0.003901 | R2 -0.0405 | Long 0.0075 | Short 0.0323 | Long-Short -0.0248
Month 1995-11 | M2_ROBUST_GAMMA15 | MSE 0.028673 | MedSE 0.004800 | R2 -0.0465 | Long 0.0266 | Short -0.0099 | Long-Short 0.0365
Month 1995-12 | M2_ROBUST_GAMMA15 | MSE 0.031431 | MedSE 0.004857 | R2 -0.0038 | Long 0.0701 | Short -0.0231 | Long-Short 0.0932
Month 1996-01 | M2_ROBUST_GAMMA15 | MSE 0.029951 | MedSE 0.004289 | R2 -0.0064 | Long 0.0411 | Short 0.0764 | Long-Short -0.0353
Month 1996-02 | M2_ROBUST_GAMMA15 | MSE 0.023696 | MedSE 0.004373 | R2 -0.0164 | Long 0.0233 | Short -0.0014 | Long-Short 0.0248
Month 1996-03 | M2_ROBUST_GAMMA15 | MSE 0.034569 | MedSE 0.004920 | R2 -0.0018 | Long 0.1197 | Short 0.1091 | Long-Short 0.0107
Month 1996-04 | M2_ROBUST_GAMMA15 | MSE 0.058606 | MedSE 0.004080 | R2 -0.0050 | Long 0.0637 | Short 0.0769 | Long-Short -0.0132
Month 1996-05 | M2_ROBUST_GAMMA15 | MSE 0.023754 | MedSE 0.005801 | R2 -0.2918 | Long -0.0123 | Short -0.1340 | Long-Short 0.1217
Month 1996-06 | M2_ROBUST_GAMMA15 | MSE 0.034153 | MedSE 0.011587 | R2 -0.7057 | Long -0.1335 | Short -0.1748 | Long-Short 0.0413
Month 1996-07 | M2_ROBUST_GAMMA15 | MSE 0.021236 | MedSE 0.002892 | R2 -0.0007 | Long 0.0510 | Short 0.0811 | Long-Short -0.0301
Month 1996-08 | M2_ROBUST_GAMMA15 | MSE 0.021212 | MedSE 0.003601 | R2 -0.0160 | Long -0.0113 | Short 0.0804 | Long-Short -0.0916
Month 1996-09 | M2_ROBUST_GAMMA15 | MSE 0.024845 | MedSE 0.005330 | R2 -0.1883 | Long -0.0204 | Short -0.0569 | Long-Short 0.0365
Month 1996-10 | M2_ROBUST_GAMMA15 | MSE 0.023744 | MedSE 0.003763 | R2 -0.0136 | Long 0.0236 | Short 0.0163 | Long-Short 0.0073
Month 1996-11 | M2_ROBUST_GAMMA15 | MSE 0.025322 | MedSE 0.005052 | R2 -0.1026 | Long 0.0303 | Short -0.0224 | Long-Short 0.0528
Month 1996-12 | M2_ROBUST_GAMMA15 | MSE 0.039157 | MedSE 0.004694 | R2 -0.0089 | Long 0.1500 | Short 0.1045 | Long-Short 0.0456
Saved metrics for M2_ROBUST_GAMMA15 to /content/drive/MyDrive/FYP/phase2_2/gamma_refinement/results/m2_robust_gamma15_seed42_cap05/sanity_metrics_m2_robust_gamma15.csv
Wrote summary to /content/drive/MyDrive/FYP/phase2_2/gamma_refinement/results/m2_robust_gamma15_seed42_cap05/sanity_summary_m2_robust_gamma15.json
Long-Short stats | Cumulative 0.2937 | Std 0.0451 | Sharpe 0.9021
Loss curve saved to /content/drive/MyDrive/FYP/phase2_2/gamma_refinement/results/m2_robust_gamma15_seed42_cap05/m2_robust_gamma15_loss_curve.png
Long-Short return curve saved to /content/drive/MyDrive/FYP/phase2_2/gamma_refinement/results/m2_robust_gamma15_seed42_cap05/m2_robust_gamma15_returns_curve.png
M2_ROBUST_GAMMA15 实验完成。

提示：批量比较 7 个 loss 时，请使用对应 runner 或 run_all_experiments.py。
  OK
[14/15] m2_robust_gamma15_seed52_cap05
=== Sanity Check: Static 5Y Train / 6M Test ===
Loaded 3197287 rows from raw panel.
Using MLPConfig: MLPConfig(input_dim=15, hidden_dims=[64, 32, 16], activation='tanh', dropout=0.0)
Epoch 1/20 finished for M2_ROBUST_GAMMA15.
Epoch 5/20 finished for M2_ROBUST_GAMMA15.
Epoch 10/20 finished for M2_ROBUST_GAMMA15.
Epoch 15/20 finished for M2_ROBUST_GAMMA15.
Epoch 20/20 finished for M2_ROBUST_GAMMA15.
Rebalancing monthly: Top 10% predictions -> Long, Bottom 10% -> Short.
Month 1995-01 | M2_ROBUST_GAMMA15 | MSE 0.044066 | MedSE 0.003115 | R2 -0.0046 | Long 0.0420 | Short -0.0611 | Long-Short 0.1031
Month 1995-02 | M2_ROBUST_GAMMA15 | MSE 0.024117 | MedSE 0.004400 | R2 -0.0328 | Long 0.0579 | Short 0.0682 | Long-Short -0.0103
Month 1995-03 | M2_ROBUST_GAMMA15 | MSE 0.025481 | MedSE 0.003460 | R2 -0.0165 | Long 0.0244 | Short 0.0320 | Long-Short -0.0076
Month 1995-04 | M2_ROBUST_GAMMA15 | MSE 0.029355 | MedSE 0.003776 | R2 -0.0210 | Long 0.0124 | Short -0.0111 | Long-Short 0.0235
Month 1995-05 | M2_ROBUST_GAMMA15 | MSE 0.031529 | MedSE 0.003909 | R2 -0.0008 | Long 0.0712 | Short 0.1069 | Long-Short -0.0358
Month 1995-06 | M2_ROBUST_GAMMA15 | MSE 0.030245 | MedSE 0.003990 | R2 -0.0022 | Long 0.0658 | Short 0.1323 | Long-Short -0.0665
Month 1995-07 | M2_ROBUST_GAMMA15 | MSE 0.033980 | MedSE 0.004149 | R2 -0.0048 | Long 0.0313 | Short -0.0134 | Long-Short 0.0448
Month 1995-08 | M2_ROBUST_GAMMA15 | MSE 0.024313 | MedSE 0.003321 | R2 -0.0151 | Long 0.0259 | Short 0.0254 | Long-Short 0.0005
Month 1995-09 | M2_ROBUST_GAMMA15 | MSE 0.026509 | MedSE 0.007764 | R2 -0.3979 | Long -0.0480 | Short -0.0663 | Long-Short 0.0183
Month 1995-10 | M2_ROBUST_GAMMA15 | MSE 0.023970 | MedSE 0.003931 | R2 -0.0414 | Long 0.0127 | Short 0.0310 | Long-Short -0.0184
Month 1995-11 | M2_ROBUST_GAMMA15 | MSE 0.028685 | MedSE 0.004836 | R2 -0.0469 | Long 0.0062 | Short 0.0119 | Long-Short -0.0056
Month 1995-12 | M2_ROBUST_GAMMA15 | MSE 0.031430 | MedSE 0.004851 | R2 -0.0038 | Long 0.0491 | Short -0.0282 | Long-Short 0.0773
Month 1996-01 | M2_ROBUST_GAMMA15 | MSE 0.029959 | MedSE 0.004295 | R2 -0.0066 | Long 0.0422 | Short 0.0619 | Long-Short -0.0196
Month 1996-02 | M2_ROBUST_GAMMA15 | MSE 0.023699 | MedSE 0.004395 | R2 -0.0165 | Long 0.0343 | Short 0.0113 | Long-Short 0.0230
Month 1996-03 | M2_ROBUST_GAMMA15 | MSE 0.034586 | MedSE 0.004956 | R2 -0.0022 | Long 0.0458 | Short 0.0967 | Long-Short -0.0509
Month 1996-04 | M2_ROBUST_GAMMA15 | MSE 0.058616 | MedSE 0.004096 | R2 -0.0051 | Long 0.0510 | Short 0.0818 | Long-Short -0.0308
Month 1996-05 | M2_ROBUST_GAMMA15 | MSE 0.023741 | MedSE 0.005829 | R2 -0.2911 | Long -0.0270 | Short -0.1448 | Long-Short 0.1178
Month 1996-06 | M2_ROBUST_GAMMA15 | MSE 0.034174 | MedSE 0.011644 | R2 -0.7067 | Long -0.0997 | Short -0.1931 | Long-Short 0.0935
Month 1996-07 | M2_ROBUST_GAMMA15 | MSE 0.021247 | MedSE 0.002907 | R2 -0.0012 | Long 0.0496 | Short 0.0790 | Long-Short -0.0294
Month 1996-08 | M2_ROBUST_GAMMA15 | MSE 0.021229 | MedSE 0.003626 | R2 -0.0167 | Long 0.0156 | Short 0.0879 | Long-Short -0.0723
Month 1996-09 | M2_ROBUST_GAMMA15 | MSE 0.024865 | MedSE 0.005333 | R2 -0.1893 | Long -0.0244 | Short -0.0476 | Long-Short 0.0232
Month 1996-10 | M2_ROBUST_GAMMA15 | MSE 0.023752 | MedSE 0.003782 | R2 -0.0139 | Long 0.0238 | Short 0.0135 | Long-Short 0.0103
Month 1996-11 | M2_ROBUST_GAMMA15 | MSE 0.025345 | MedSE 0.005094 | R2 -0.1036 | Long -0.0198 | Short -0.0162 | Long-Short -0.0037
Month 1996-12 | M2_ROBUST_GAMMA15 | MSE 0.039161 | MedSE 0.004681 | R2 -0.0091 | Long 0.0864 | Short 0.1259 | Long-Short -0.0396
Saved metrics for M2_ROBUST_GAMMA15 to /content/drive/MyDrive/FYP/phase2_2/gamma_refinement/results/m2_robust_gamma15_seed52_cap05/sanity_metrics_m2_robust_gamma15.csv
Wrote summary to /content/drive/MyDrive/FYP/phase2_2/gamma_refinement/results/m2_robust_gamma15_seed52_cap05/sanity_summary_m2_robust_gamma15.json
Long-Short stats | Cumulative 0.1221 | Std 0.0512 | Sharpe 0.4085
Loss curve saved to /content/drive/MyDrive/FYP/phase2_2/gamma_refinement/results/m2_robust_gamma15_seed52_cap05/m2_robust_gamma15_loss_curve.png
Long-Short return curve saved to /content/drive/MyDrive/FYP/phase2_2/gamma_refinement/results/m2_robust_gamma15_seed52_cap05/m2_robust_gamma15_returns_curve.png
M2_ROBUST_GAMMA15 实验完成。

提示：批量比较 7 个 loss 时，请使用对应 runner 或 run_all_experiments.py。
  OK
[15/15] m2_robust_gamma15_seed62_cap05
=== Sanity Check: Static 5Y Train / 6M Test ===
Loaded 3197287 rows from raw panel.
Using MLPConfig: MLPConfig(input_dim=15, hidden_dims=[64, 32, 16], activation='tanh', dropout=0.0)
Epoch 1/20 finished for M2_ROBUST_GAMMA15.
Epoch 5/20 finished for M2_ROBUST_GAMMA15.
Epoch 10/20 finished for M2_ROBUST_GAMMA15.
Epoch 15/20 finished for M2_ROBUST_GAMMA15.
Epoch 20/20 finished for M2_ROBUST_GAMMA15.
Rebalancing monthly: Top 10% predictions -> Long, Bottom 10% -> Short.
Month 1995-01 | M2_ROBUST_GAMMA15 | MSE 0.044055 | MedSE 0.003093 | R2 -0.0043 | Long 0.0239 | Short 0.0326 | Long-Short -0.0087
Month 1995-02 | M2_ROBUST_GAMMA15 | MSE 0.024033 | MedSE 0.004310 | R2 -0.0292 | Long 0.0543 | Short 0.0207 | Long-Short 0.0335
Month 1995-03 | M2_ROBUST_GAMMA15 | MSE 0.025428 | MedSE 0.003383 | R2 -0.0144 | Long 0.0441 | Short 0.0128 | Long-Short 0.0313
Month 1995-04 | M2_ROBUST_GAMMA15 | MSE 0.029310 | MedSE 0.003689 | R2 -0.0194 | Long 0.0169 | Short 0.0088 | Long-Short 0.0081
Month 1995-05 | M2_ROBUST_GAMMA15 | MSE 0.031488 | MedSE 0.003823 | R2 0.0005 | Long 0.1107 | Short 0.0557 | Long-Short 0.0550
Month 1995-06 | M2_ROBUST_GAMMA15 | MSE 0.030201 | MedSE 0.003906 | R2 -0.0008 | Long 0.1082 | Short 0.0451 | Long-Short 0.0632
Month 1995-07 | M2_ROBUST_GAMMA15 | MSE 0.033974 | MedSE 0.004100 | R2 -0.0046 | Long 0.0412 | Short 0.0500 | Long-Short -0.0088
Month 1995-08 | M2_ROBUST_GAMMA15 | MSE 0.024283 | MedSE 0.003294 | R2 -0.0139 | Long 0.0276 | Short 0.0320 | Long-Short -0.0044
Month 1995-09 | M2_ROBUST_GAMMA15 | MSE 0.026365 | MedSE 0.007602 | R2 -0.3903 | Long -0.0643 | Short -0.0518 | Long-Short -0.0125
Month 1995-10 | M2_ROBUST_GAMMA15 | MSE 0.023890 | MedSE 0.003871 | R2 -0.0379 | Long 0.0222 | Short 0.0215 | Long-Short 0.0007
Month 1995-11 | M2_ROBUST_GAMMA15 | MSE 0.028631 | MedSE 0.004719 | R2 -0.0449 | Long -0.0045 | Short 0.0126 | Long-Short -0.0172
Month 1995-12 | M2_ROBUST_GAMMA15 | MSE 0.031423 | MedSE 0.004742 | R2 -0.0035 | Long 0.0204 | Short 0.0511 | Long-Short -0.0307
Month 1996-01 | M2_ROBUST_GAMMA15 | MSE 0.029916 | MedSE 0.004213 | R2 -0.0052 | Long 0.0775 | Short 0.0126 | Long-Short 0.0649
Month 1996-02 | M2_ROBUST_GAMMA15 | MSE 0.023685 | MedSE 0.004316 | R2 -0.0159 | Long 0.0271 | Short 0.0432 | Long-Short -0.0160
Month 1996-03 | M2_ROBUST_GAMMA15 | MSE 0.034529 | MedSE 0.004833 | R2 -0.0006 | Long 0.1205 | Short 0.0480 | Long-Short 0.0725
Month 1996-04 | M2_ROBUST_GAMMA15 | MSE 0.058618 | MedSE 0.004060 | R2 -0.0052 | Long 0.0824 | Short 0.0592 | Long-Short 0.0231
Month 1996-05 | M2_ROBUST_GAMMA15 | MSE 0.023757 | MedSE 0.005721 | R2 -0.2919 | Long -0.0438 | Short -0.0215 | Long-Short -0.0223
Month 1996-06 | M2_ROBUST_GAMMA15 | MSE 0.034048 | MedSE 0.011415 | R2 -0.7004 | Long -0.1136 | Short -0.0758 | Long-Short -0.0378
Month 1996-07 | M2_ROBUST_GAMMA15 | MSE 0.021218 | MedSE 0.002878 | R2 0.0001 | Long 0.0705 | Short 0.0496 | Long-Short 0.0209
Month 1996-08 | M2_ROBUST_GAMMA15 | MSE 0.021173 | MedSE 0.003532 | R2 -0.0141 | Long 0.0619 | Short 0.0381 | Long-Short 0.0239
Month 1996-09 | M2_ROBUST_GAMMA15 | MSE 0.024774 | MedSE 0.005238 | R2 -0.1850 | Long -0.0512 | Short -0.0349 | Long-Short -0.0163
Month 1996-10 | M2_ROBUST_GAMMA15 | MSE 0.023724 | MedSE 0.003783 | R2 -0.0127 | Long 0.0396 | Short 0.0296 | Long-Short 0.0100
Month 1996-11 | M2_ROBUST_GAMMA15 | MSE 0.025259 | MedSE 0.004959 | R2 -0.0999 | Long -0.0178 | Short -0.0024 | Long-Short -0.0154
Month 1996-12 | M2_ROBUST_GAMMA15 | MSE 0.039159 | MedSE 0.004656 | R2 -0.0090 | Long 0.1084 | Short 0.0763 | Long-Short 0.0322
Saved metrics for M2_ROBUST_GAMMA15 to /content/drive/MyDrive/FYP/phase2_2/gamma_refinement/results/m2_robust_gamma15_seed62_cap05/sanity_metrics_m2_robust_gamma15.csv
Wrote summary to /content/drive/MyDrive/FYP/phase2_2/gamma_refinement/results/m2_robust_gamma15_seed62_cap05/sanity_summary_m2_robust_gamma15.json
Long-Short stats | Cumulative 0.2673 | Std 0.0316 | Sharpe 1.1382
Loss curve saved to /content/drive/MyDrive/FYP/phase2_2/gamma_refinement/results/m2_robust_gamma15_seed62_cap05/m2_robust_gamma15_loss_curve.png
Long-Short return curve saved to /content/drive/MyDrive/FYP/phase2_2/gamma_refinement/results/m2_robust_gamma15_seed62_cap05/m2_robust_gamma15_returns_curve.png
M2_ROBUST_GAMMA15 实验完成。

提示：批量比较 7 个 loss 时，请使用对应 runner 或 run_all_experiments.py。
  OK
Summary: successful=15 skipped=0 failed=0 total=15
