run_id=m2_robust_gamma05_seed52_cap05
started_at=2026-05-01T17:24:35.308622+00:00
command=/usr/bin/python3 run_sanity_check_m2_robust_gamma05.py --data-dir /content/FYP --pattern *.csv --lookback-months 12 --train-start 1990-01 --train-end 1994-12 --test-start 1995-01 --test-months 24 --best-config-path best_hyperparameters.txt --max-epochs 20 --batch-size 1024 --seed 52 --max-weight 0.05 --output-dir /content/drive/MyDrive/FYP/phase2_2/gamma_refinement/results/m2_robust_gamma05_seed52_cap05 --checkpoint-dir /content/drive/MyDrive/FYP/phase2_2/gamma_refinement/checkpoints/m2_robust_gamma05_seed52_cap05 --resume-mode auto

=== Sanity Check: Static 5Y Train / 6M Test ===
Loaded 3197287 rows from raw panel.
Using MLPConfig: MLPConfig(input_dim=15, hidden_dims=[64, 32, 16], activation='tanh', dropout=0.0)
Epoch 1/20 finished for M2_ROBUST_GAMMA05.
Epoch 5/20 finished for M2_ROBUST_GAMMA05.
Epoch 10/20 finished for M2_ROBUST_GAMMA05.
Epoch 15/20 finished for M2_ROBUST_GAMMA05.
Epoch 20/20 finished for M2_ROBUST_GAMMA05.
Rebalancing monthly: Top 10% predictions -> Long, Bottom 10% -> Short.
Month 1995-01 | M2_ROBUST_GAMMA05 | MSE 0.044111 | MedSE 0.003157 | R2 -0.0056 | Long 0.0387 | Short -0.0332 | Long-Short 0.0719
Month 1995-02 | M2_ROBUST_GAMMA05 | MSE 0.024177 | MedSE 0.004468 | R2 -0.0354 | Long 0.0518 | Short 0.0555 | Long-Short -0.0037
Month 1995-03 | M2_ROBUST_GAMMA05 | MSE 0.025535 | MedSE 0.003526 | R2 -0.0187 | Long 0.0241 | Short 0.0413 | Long-Short -0.0171
Month 1995-04 | M2_ROBUST_GAMMA05 | MSE 0.029429 | MedSE 0.003850 | R2 -0.0236 | Long 0.0163 | Short -0.0107 | Long-Short 0.0270
Month 1995-05 | M2_ROBUST_GAMMA05 | MSE 0.031499 | MedSE 0.003990 | R2 0.0002 | Long 0.0666 | Short 0.1084 | Long-Short -0.0418
Month 1995-06 | M2_ROBUST_GAMMA05 | MSE 0.030213 | MedSE 0.004053 | R2 -0.0012 | Long 0.0600 | Short 0.1283 | Long-Short -0.0684
Month 1995-07 | M2_ROBUST_GAMMA05 | MSE 0.034012 | MedSE 0.004244 | R2 -0.0057 | Long 0.0265 | Short -0.0303 | Long-Short 0.0568
Month 1995-08 | M2_ROBUST_GAMMA05 | MSE 0.024389 | MedSE 0.003400 | R2 -0.0183 | Long 0.0254 | Short 0.0470 | Long-Short -0.0216
Month 1995-09 | M2_ROBUST_GAMMA05 | MSE 0.026801 | MedSE 0.007953 | R2 -0.4133 | Long -0.0552 | Short -0.0695 | Long-Short 0.0143
Month 1995-10 | M2_ROBUST_GAMMA05 | MSE 0.024054 | MedSE 0.003969 | R2 -0.0450 | Long 0.0197 | Short 0.0303 | Long-Short -0.0106
Month 1995-11 | M2_ROBUST_GAMMA05 | MSE 0.028797 | MedSE 0.004933 | R2 -0.0510 | Long 0.0197 | Short -0.0198 | Long-Short 0.0395
Month 1995-12 | M2_ROBUST_GAMMA05 | MSE 0.031468 | MedSE 0.004925 | R2 -0.0050 | Long 0.0503 | Short -0.0223 | Long-Short 0.0726
Month 1996-01 | M2_ROBUST_GAMMA05 | MSE 0.029999 | MedSE 0.004368 | R2 -0.0080 | Long 0.0431 | Short 0.0808 | Long-Short -0.0377
Month 1996-02 | M2_ROBUST_GAMMA05 | MSE 0.023760 | MedSE 0.004481 | R2 -0.0191 | Long 0.0371 | Short -0.0091 | Long-Short 0.0462
Month 1996-03 | M2_ROBUST_GAMMA05 | MSE 0.034535 | MedSE 0.005074 | R2 -0.0008 | Long 0.0661 | Short 0.1039 | Long-Short -0.0378
Month 1996-04 | M2_ROBUST_GAMMA05 | MSE 0.058533 | MedSE 0.004180 | R2 -0.0037 | Long 0.0567 | Short 0.0543 | Long-Short 0.0024
Month 1996-05 | M2_ROBUST_GAMMA05 | MSE 0.023980 | MedSE 0.005959 | R2 -0.3041 | Long -0.0377 | Short -0.1508 | Long-Short 0.1131
Month 1996-06 | M2_ROBUST_GAMMA05 | MSE 0.034596 | MedSE 0.011880 | R2 -0.7278 | Long -0.0939 | Short -0.1721 | Long-Short 0.0782
Month 1996-07 | M2_ROBUST_GAMMA05 | MSE 0.021250 | MedSE 0.002945 | R2 -0.0014 | Long 0.0483 | Short 0.0713 | Long-Short -0.0230
Month 1996-08 | M2_ROBUST_GAMMA05 | MSE 0.021276 | MedSE 0.003662 | R2 -0.0190 | Long 0.0227 | Short 0.0931 | Long-Short -0.0705
Month 1996-09 | M2_ROBUST_GAMMA05 | MSE 0.025076 | MedSE 0.005473 | R2 -0.1994 | Long -0.0243 | Short -0.0713 | Long-Short 0.0470
Month 1996-10 | M2_ROBUST_GAMMA05 | MSE 0.023812 | MedSE 0.003781 | R2 -0.0165 | Long 0.0222 | Short 0.0103 | Long-Short 0.0118
Month 1996-11 | M2_ROBUST_GAMMA05 | MSE 0.025514 | MedSE 0.005161 | R2 -0.1110 | Long -0.0128 | Short -0.0173 | Long-Short 0.0045
Month 1996-12 | M2_ROBUST_GAMMA05 | MSE 0.039089 | MedSE 0.004741 | R2 -0.0072 | Long 0.0782 | Short 0.1075 | Long-Short -0.0293
Saved metrics for M2_ROBUST_GAMMA05 to /content/drive/MyDrive/FYP/phase2_2/gamma_refinement/results/m2_robust_gamma05_seed52_cap05/sanity_metrics_m2_robust_gamma05.csv
Wrote summary to /content/drive/MyDrive/FYP/phase2_2/gamma_refinement/results/m2_robust_gamma05_seed52_cap05/sanity_summary_m2_robust_gamma05.json
Long-Short stats | Cumulative 0.2172 | Std 0.0485 | Sharpe 0.6670
Loss curve saved to /content/drive/MyDrive/FYP/phase2_2/gamma_refinement/results/m2_robust_gamma05_seed52_cap05/m2_robust_gamma05_loss_curve.png
Long-Short return curve saved to /content/drive/MyDrive/FYP/phase2_2/gamma_refinement/results/m2_robust_gamma05_seed52_cap05/m2_robust_gamma05_returns_curve.png
M2_ROBUST_GAMMA05 实验完成。

提示：批量比较 7 个 loss 时，请使用对应 runner 或 run_all_experiments.py。
