run_id=m2_robust_gamma07_seed42_cap05
started_at=2026-05-01T17:34:06.471615+00:00
command=/usr/bin/python3 run_sanity_check_m2_robust_gamma07.py --data-dir /content/FYP --pattern *.csv --lookback-months 12 --train-start 1990-01 --train-end 1994-12 --test-start 1995-01 --test-months 24 --best-config-path best_hyperparameters.txt --max-epochs 20 --batch-size 1024 --seed 42 --max-weight 0.05 --output-dir /content/drive/MyDrive/FYP/phase2_2/gamma_refinement/results/m2_robust_gamma07_seed42_cap05 --checkpoint-dir /content/drive/MyDrive/FYP/phase2_2/gamma_refinement/checkpoints/m2_robust_gamma07_seed42_cap05 --resume-mode auto

=== Sanity Check: Static 5Y Train / 6M Test ===
Loaded 3197287 rows from raw panel.
Using MLPConfig: MLPConfig(input_dim=15, hidden_dims=[64, 32, 16], activation='tanh', dropout=0.0)
Epoch 1/20 finished for M2_ROBUST_GAMMA07.
Epoch 5/20 finished for M2_ROBUST_GAMMA07.
Epoch 10/20 finished for M2_ROBUST_GAMMA07.
Epoch 15/20 finished for M2_ROBUST_GAMMA07.
Epoch 20/20 finished for M2_ROBUST_GAMMA07.
Rebalancing monthly: Top 10% predictions -> Long, Bottom 10% -> Short.
Month 1995-01 | M2_ROBUST_GAMMA07 | MSE 0.044070 | MedSE 0.003118 | R2 -0.0047 | Long 0.0430 | Short 0.0044 | Long-Short 0.0386
Month 1995-02 | M2_ROBUST_GAMMA07 | MSE 0.024115 | MedSE 0.004379 | R2 -0.0327 | Long 0.0586 | Short 0.0494 | Long-Short 0.0092
Month 1995-03 | M2_ROBUST_GAMMA07 | MSE 0.025475 | MedSE 0.003437 | R2 -0.0163 | Long 0.0347 | Short 0.0415 | Long-Short -0.0067
Month 1995-04 | M2_ROBUST_GAMMA07 | MSE 0.029361 | MedSE 0.003772 | R2 -0.0212 | Long 0.0057 | Short 0.0040 | Long-Short 0.0017
Month 1995-05 | M2_ROBUST_GAMMA07 | MSE 0.031527 | MedSE 0.003903 | R2 -0.0007 | Long 0.0670 | Short 0.1024 | Long-Short -0.0354
Month 1995-06 | M2_ROBUST_GAMMA07 | MSE 0.030238 | MedSE 0.003978 | R2 -0.0020 | Long 0.0741 | Short 0.1078 | Long-Short -0.0336
Month 1995-07 | M2_ROBUST_GAMMA07 | MSE 0.033982 | MedSE 0.004166 | R2 -0.0048 | Long 0.0320 | Short 0.0042 | Long-Short 0.0278
Month 1995-08 | M2_ROBUST_GAMMA07 | MSE 0.024314 | MedSE 0.003334 | R2 -0.0152 | Long 0.0268 | Short 0.0284 | Long-Short -0.0017
Month 1995-09 | M2_ROBUST_GAMMA07 | MSE 0.026517 | MedSE 0.007785 | R2 -0.3983 | Long -0.0462 | Short -0.0688 | Long-Short 0.0225
Month 1995-10 | M2_ROBUST_GAMMA07 | MSE 0.023966 | MedSE 0.003901 | R2 -0.0412 | Long 0.0324 | Short 0.0340 | Long-Short -0.0017
Month 1995-11 | M2_ROBUST_GAMMA07 | MSE 0.028685 | MedSE 0.004826 | R2 -0.0469 | Long 0.0032 | Short -0.0194 | Long-Short 0.0227
Month 1995-12 | M2_ROBUST_GAMMA07 | MSE 0.031428 | MedSE 0.004870 | R2 -0.0037 | Long 0.0297 | Short -0.0059 | Long-Short 0.0356
Month 1996-01 | M2_ROBUST_GAMMA07 | MSE 0.029965 | MedSE 0.004285 | R2 -0.0068 | Long 0.0515 | Short 0.0747 | Long-Short -0.0231
Month 1996-02 | M2_ROBUST_GAMMA07 | MSE 0.023703 | MedSE 0.004371 | R2 -0.0167 | Long 0.0262 | Short 0.0037 | Long-Short 0.0225
Month 1996-03 | M2_ROBUST_GAMMA07 | MSE 0.034577 | MedSE 0.004946 | R2 -0.0020 | Long 0.0871 | Short 0.1070 | Long-Short -0.0199
Month 1996-04 | M2_ROBUST_GAMMA07 | MSE 0.058583 | MedSE 0.004104 | R2 -0.0046 | Long 0.1157 | Short 0.0730 | Long-Short 0.0426
Month 1996-05 | M2_ROBUST_GAMMA07 | MSE 0.023756 | MedSE 0.005841 | R2 -0.2919 | Long -0.0481 | Short -0.1150 | Long-Short 0.0669
Month 1996-06 | M2_ROBUST_GAMMA07 | MSE 0.034198 | MedSE 0.011615 | R2 -0.7079 | Long -0.1240 | Short -0.1545 | Long-Short 0.0305
Month 1996-07 | M2_ROBUST_GAMMA07 | MSE 0.021243 | MedSE 0.002895 | R2 -0.0011 | Long 0.0764 | Short 0.0766 | Long-Short -0.0002
Month 1996-08 | M2_ROBUST_GAMMA07 | MSE 0.021228 | MedSE 0.003610 | R2 -0.0167 | Long 0.0395 | Short 0.0595 | Long-Short -0.0200
Month 1996-09 | M2_ROBUST_GAMMA07 | MSE 0.024886 | MedSE 0.005361 | R2 -0.1903 | Long -0.0632 | Short -0.0488 | Long-Short -0.0144
Month 1996-10 | M2_ROBUST_GAMMA07 | MSE 0.023751 | MedSE 0.003754 | R2 -0.0139 | Long 0.0339 | Short 0.0264 | Long-Short 0.0075
Month 1996-11 | M2_ROBUST_GAMMA07 | MSE 0.025354 | MedSE 0.005082 | R2 -0.1040 | Long -0.0200 | Short -0.0199 | Long-Short -0.0001
Month 1996-12 | M2_ROBUST_GAMMA07 | MSE 0.039151 | MedSE 0.004682 | R2 -0.0088 | Long 0.0796 | Short 0.0880 | Long-Short -0.0084
Saved metrics for M2_ROBUST_GAMMA07 to /content/drive/MyDrive/FYP/phase2_2/gamma_refinement/results/m2_robust_gamma07_seed42_cap05/sanity_metrics_m2_robust_gamma07.csv
Wrote summary to /content/drive/MyDrive/FYP/phase2_2/gamma_refinement/results/m2_robust_gamma07_seed42_cap05/sanity_summary_m2_robust_gamma07.json
Long-Short stats | Cumulative 0.1674 | Std 0.0258 | Sharpe 0.9097
Loss curve saved to /content/drive/MyDrive/FYP/phase2_2/gamma_refinement/results/m2_robust_gamma07_seed42_cap05/m2_robust_gamma07_loss_curve.png
Long-Short return curve saved to /content/drive/MyDrive/FYP/phase2_2/gamma_refinement/results/m2_robust_gamma07_seed42_cap05/m2_robust_gamma07_returns_curve.png
M2_ROBUST_GAMMA07 实验完成。

提示：批量比较 7 个 loss 时，请使用对应 runner 或 run_all_experiments.py。
