run_id=m2_robust_gamma15_seed52_cap05
started_at=2026-05-01T18:07:29.920930+00:00
command=/usr/bin/python3 run_sanity_check_m2_robust_gamma15.py --data-dir /content/FYP --pattern *.csv --lookback-months 12 --train-start 1990-01 --train-end 1994-12 --test-start 1995-01 --test-months 24 --best-config-path best_hyperparameters.txt --max-epochs 20 --batch-size 1024 --seed 52 --max-weight 0.05 --output-dir /content/drive/MyDrive/FYP/phase2_2/gamma_refinement/results/m2_robust_gamma15_seed52_cap05 --checkpoint-dir /content/drive/MyDrive/FYP/phase2_2/gamma_refinement/checkpoints/m2_robust_gamma15_seed52_cap05 --resume-mode auto

=== Sanity Check: Static 5Y Train / 6M Test ===
Loaded 3197287 rows from raw panel.
Using MLPConfig: MLPConfig(input_dim=15, hidden_dims=[64, 32, 16], activation='tanh', dropout=0.0)
Epoch 1/20 finished for M2_ROBUST_GAMMA15.
Epoch 5/20 finished for M2_ROBUST_GAMMA15.
Epoch 10/20 finished for M2_ROBUST_GAMMA15.
Epoch 15/20 finished for M2_ROBUST_GAMMA15.
Epoch 20/20 finished for M2_ROBUST_GAMMA15.
Rebalancing monthly: Top 10% predictions -> Long, Bottom 10% -> Short.
Month 1995-01 | M2_ROBUST_GAMMA15 | MSE 0.044066 | MedSE 0.003115 | R2 -0.0046 | Long 0.0420 | Short -0.0611 | Long-Short 0.1031
Month 1995-02 | M2_ROBUST_GAMMA15 | MSE 0.024117 | MedSE 0.004400 | R2 -0.0328 | Long 0.0579 | Short 0.0682 | Long-Short -0.0103
Month 1995-03 | M2_ROBUST_GAMMA15 | MSE 0.025481 | MedSE 0.003460 | R2 -0.0165 | Long 0.0244 | Short 0.0320 | Long-Short -0.0076
Month 1995-04 | M2_ROBUST_GAMMA15 | MSE 0.029355 | MedSE 0.003776 | R2 -0.0210 | Long 0.0124 | Short -0.0111 | Long-Short 0.0235
Month 1995-05 | M2_ROBUST_GAMMA15 | MSE 0.031529 | MedSE 0.003909 | R2 -0.0008 | Long 0.0712 | Short 0.1069 | Long-Short -0.0358
Month 1995-06 | M2_ROBUST_GAMMA15 | MSE 0.030245 | MedSE 0.003990 | R2 -0.0022 | Long 0.0658 | Short 0.1323 | Long-Short -0.0665
Month 1995-07 | M2_ROBUST_GAMMA15 | MSE 0.033980 | MedSE 0.004149 | R2 -0.0048 | Long 0.0313 | Short -0.0134 | Long-Short 0.0448
Month 1995-08 | M2_ROBUST_GAMMA15 | MSE 0.024313 | MedSE 0.003321 | R2 -0.0151 | Long 0.0259 | Short 0.0254 | Long-Short 0.0005
Month 1995-09 | M2_ROBUST_GAMMA15 | MSE 0.026509 | MedSE 0.007764 | R2 -0.3979 | Long -0.0480 | Short -0.0663 | Long-Short 0.0183
Month 1995-10 | M2_ROBUST_GAMMA15 | MSE 0.023970 | MedSE 0.003931 | R2 -0.0414 | Long 0.0127 | Short 0.0310 | Long-Short -0.0184
Month 1995-11 | M2_ROBUST_GAMMA15 | MSE 0.028685 | MedSE 0.004836 | R2 -0.0469 | Long 0.0062 | Short 0.0119 | Long-Short -0.0056
Month 1995-12 | M2_ROBUST_GAMMA15 | MSE 0.031430 | MedSE 0.004851 | R2 -0.0038 | Long 0.0491 | Short -0.0282 | Long-Short 0.0773
Month 1996-01 | M2_ROBUST_GAMMA15 | MSE 0.029959 | MedSE 0.004295 | R2 -0.0066 | Long 0.0422 | Short 0.0619 | Long-Short -0.0196
Month 1996-02 | M2_ROBUST_GAMMA15 | MSE 0.023699 | MedSE 0.004395 | R2 -0.0165 | Long 0.0343 | Short 0.0113 | Long-Short 0.0230
Month 1996-03 | M2_ROBUST_GAMMA15 | MSE 0.034586 | MedSE 0.004956 | R2 -0.0022 | Long 0.0458 | Short 0.0967 | Long-Short -0.0509
Month 1996-04 | M2_ROBUST_GAMMA15 | MSE 0.058616 | MedSE 0.004096 | R2 -0.0051 | Long 0.0510 | Short 0.0818 | Long-Short -0.0308
Month 1996-05 | M2_ROBUST_GAMMA15 | MSE 0.023741 | MedSE 0.005829 | R2 -0.2911 | Long -0.0270 | Short -0.1448 | Long-Short 0.1178
Month 1996-06 | M2_ROBUST_GAMMA15 | MSE 0.034174 | MedSE 0.011644 | R2 -0.7067 | Long -0.0997 | Short -0.1931 | Long-Short 0.0935
Month 1996-07 | M2_ROBUST_GAMMA15 | MSE 0.021247 | MedSE 0.002907 | R2 -0.0012 | Long 0.0496 | Short 0.0790 | Long-Short -0.0294
Month 1996-08 | M2_ROBUST_GAMMA15 | MSE 0.021229 | MedSE 0.003626 | R2 -0.0167 | Long 0.0156 | Short 0.0879 | Long-Short -0.0723
Month 1996-09 | M2_ROBUST_GAMMA15 | MSE 0.024865 | MedSE 0.005333 | R2 -0.1893 | Long -0.0244 | Short -0.0476 | Long-Short 0.0232
Month 1996-10 | M2_ROBUST_GAMMA15 | MSE 0.023752 | MedSE 0.003782 | R2 -0.0139 | Long 0.0238 | Short 0.0135 | Long-Short 0.0103
Month 1996-11 | M2_ROBUST_GAMMA15 | MSE 0.025345 | MedSE 0.005094 | R2 -0.1036 | Long -0.0198 | Short -0.0162 | Long-Short -0.0037
Month 1996-12 | M2_ROBUST_GAMMA15 | MSE 0.039161 | MedSE 0.004681 | R2 -0.0091 | Long 0.0864 | Short 0.1259 | Long-Short -0.0396
Saved metrics for M2_ROBUST_GAMMA15 to /content/drive/MyDrive/FYP/phase2_2/gamma_refinement/results/m2_robust_gamma15_seed52_cap05/sanity_metrics_m2_robust_gamma15.csv
Wrote summary to /content/drive/MyDrive/FYP/phase2_2/gamma_refinement/results/m2_robust_gamma15_seed52_cap05/sanity_summary_m2_robust_gamma15.json
Long-Short stats | Cumulative 0.1221 | Std 0.0512 | Sharpe 0.4085
Loss curve saved to /content/drive/MyDrive/FYP/phase2_2/gamma_refinement/results/m2_robust_gamma15_seed52_cap05/m2_robust_gamma15_loss_curve.png
Long-Short return curve saved to /content/drive/MyDrive/FYP/phase2_2/gamma_refinement/results/m2_robust_gamma15_seed52_cap05/m2_robust_gamma15_returns_curve.png
M2_ROBUST_GAMMA15 实验完成。

提示：批量比较 7 个 loss 时，请使用对应 runner 或 run_all_experiments.py。
