run_id=m2_robust_gamma10_seed52_cap05
started_at=2026-05-01T17:53:16.583911+00:00
command=/usr/bin/python3 run_sanity_check_m2_robust_gamma10.py --data-dir /content/FYP --pattern *.csv --lookback-months 12 --train-start 1990-01 --train-end 1994-12 --test-start 1995-01 --test-months 24 --best-config-path best_hyperparameters.txt --max-epochs 20 --batch-size 1024 --seed 52 --max-weight 0.05 --output-dir /content/drive/MyDrive/FYP/phase2_2/gamma_refinement/results/m2_robust_gamma10_seed52_cap05 --checkpoint-dir /content/drive/MyDrive/FYP/phase2_2/gamma_refinement/checkpoints/m2_robust_gamma10_seed52_cap05 --resume-mode auto

=== Sanity Check: Static 5Y Train / 6M Test ===
Loaded 3197287 rows from raw panel.
Using MLPConfig: MLPConfig(input_dim=15, hidden_dims=[64, 32, 16], activation='tanh', dropout=0.0)
Epoch 1/20 finished for M2_ROBUST_GAMMA10.
Epoch 5/20 finished for M2_ROBUST_GAMMA10.
Epoch 10/20 finished for M2_ROBUST_GAMMA10.
Epoch 15/20 finished for M2_ROBUST_GAMMA10.
Epoch 20/20 finished for M2_ROBUST_GAMMA10.
Rebalancing monthly: Top 10% predictions -> Long, Bottom 10% -> Short.
Month 1995-01 | M2_ROBUST_GAMMA10 | MSE 0.044135 | MedSE 0.003161 | R2 -0.0061 | Long 0.0436 | Short 0.0140 | Long-Short 0.0296
Month 1995-02 | M2_ROBUST_GAMMA10 | MSE 0.024227 | MedSE 0.004524 | R2 -0.0375 | Long 0.0391 | Short 0.0458 | Long-Short -0.0067
Month 1995-03 | M2_ROBUST_GAMMA10 | MSE 0.025560 | MedSE 0.003554 | R2 -0.0197 | Long 0.0295 | Short 0.0384 | Long-Short -0.0088
Month 1995-04 | M2_ROBUST_GAMMA10 | MSE 0.029455 | MedSE 0.003872 | R2 -0.0245 | Long 0.0131 | Short 0.0095 | Long-Short 0.0036
Month 1995-05 | M2_ROBUST_GAMMA10 | MSE 0.031511 | MedSE 0.004007 | R2 -0.0002 | Long 0.0655 | Short 0.0729 | Long-Short -0.0074
Month 1995-06 | M2_ROBUST_GAMMA10 | MSE 0.030206 | MedSE 0.004088 | R2 -0.0009 | Long 0.0537 | Short 0.0825 | Long-Short -0.0288
Month 1995-07 | M2_ROBUST_GAMMA10 | MSE 0.034042 | MedSE 0.004248 | R2 -0.0066 | Long 0.0253 | Short 0.0035 | Long-Short 0.0218
Month 1995-08 | M2_ROBUST_GAMMA10 | MSE 0.024398 | MedSE 0.003409 | R2 -0.0186 | Long 0.0350 | Short 0.0517 | Long-Short -0.0167
Month 1995-09 | M2_ROBUST_GAMMA10 | MSE 0.026881 | MedSE 0.008048 | R2 -0.4174 | Long -0.0698 | Short -0.0729 | Long-Short 0.0031
Month 1995-10 | M2_ROBUST_GAMMA10 | MSE 0.024087 | MedSE 0.003998 | R2 -0.0464 | Long 0.0290 | Short 0.0508 | Long-Short -0.0218
Month 1995-11 | M2_ROBUST_GAMMA10 | MSE 0.028841 | MedSE 0.004974 | R2 -0.0526 | Long 0.0199 | Short -0.0067 | Long-Short 0.0266
Month 1995-12 | M2_ROBUST_GAMMA10 | MSE 0.031488 | MedSE 0.004937 | R2 -0.0056 | Long 0.0540 | Short 0.0311 | Long-Short 0.0229
Month 1996-01 | M2_ROBUST_GAMMA10 | MSE 0.030010 | MedSE 0.004436 | R2 -0.0083 | Long 0.0476 | Short -0.0023 | Long-Short 0.0499
Month 1996-02 | M2_ROBUST_GAMMA10 | MSE 0.023790 | MedSE 0.004524 | R2 -0.0204 | Long 0.0259 | Short 0.0155 | Long-Short 0.0104
Month 1996-03 | M2_ROBUST_GAMMA10 | MSE 0.034541 | MedSE 0.005102 | R2 -0.0009 | Long 0.0629 | Short 0.0693 | Long-Short -0.0064
Month 1996-04 | M2_ROBUST_GAMMA10 | MSE 0.058532 | MedSE 0.004202 | R2 -0.0037 | Long 0.0672 | Short 0.0313 | Long-Short 0.0359
Month 1996-05 | M2_ROBUST_GAMMA10 | MSE 0.024088 | MedSE 0.006019 | R2 -0.3099 | Long -0.0361 | Short -0.1038 | Long-Short 0.0677
Month 1996-06 | M2_ROBUST_GAMMA10 | MSE 0.034708 | MedSE 0.011981 | R2 -0.7334 | Long -0.0976 | Short -0.1267 | Long-Short 0.0291
Month 1996-07 | M2_ROBUST_GAMMA10 | MSE 0.021249 | MedSE 0.002953 | R2 -0.0013 | Long 0.0539 | Short 0.0395 | Long-Short 0.0144
Month 1996-08 | M2_ROBUST_GAMMA10 | MSE 0.021299 | MedSE 0.003679 | R2 -0.0201 | Long 0.0378 | Short 0.0465 | Long-Short -0.0087
Month 1996-09 | M2_ROBUST_GAMMA10 | MSE 0.025131 | MedSE 0.005483 | R2 -0.2020 | Long -0.0308 | Short -0.0780 | Long-Short 0.0472
Month 1996-10 | M2_ROBUST_GAMMA10 | MSE 0.023831 | MedSE 0.003795 | R2 -0.0173 | Long 0.0132 | Short 0.0006 | Long-Short 0.0126
Month 1996-11 | M2_ROBUST_GAMMA10 | MSE 0.025549 | MedSE 0.005204 | R2 -0.1125 | Long -0.0000 | Short -0.0175 | Long-Short 0.0175
Month 1996-12 | M2_ROBUST_GAMMA10 | MSE 0.039078 | MedSE 0.004728 | R2 -0.0069 | Long 0.0673 | Short 0.0840 | Long-Short -0.0167
Saved metrics for M2_ROBUST_GAMMA10 to /content/drive/MyDrive/FYP/phase2_2/gamma_refinement/results/m2_robust_gamma10_seed52_cap05/sanity_metrics_m2_robust_gamma10.csv
Wrote summary to /content/drive/MyDrive/FYP/phase2_2/gamma_refinement/results/m2_robust_gamma10_seed52_cap05/sanity_summary_m2_robust_gamma10.json
Long-Short stats | Cumulative 0.2994 | Std 0.0246 | Sharpe 1.5847
Loss curve saved to /content/drive/MyDrive/FYP/phase2_2/gamma_refinement/results/m2_robust_gamma10_seed52_cap05/m2_robust_gamma10_loss_curve.png
Long-Short return curve saved to /content/drive/MyDrive/FYP/phase2_2/gamma_refinement/results/m2_robust_gamma10_seed52_cap05/m2_robust_gamma10_returns_curve.png
M2_ROBUST_GAMMA10 实验完成。

提示：批量比较 7 个 loss 时，请使用对应 runner 或 run_all_experiments.py。
