run_id=m2_robust_gamma15_seed62_cap05
started_at=2026-05-01T18:12:17.759046+00:00
command=/usr/bin/python3 run_sanity_check_m2_robust_gamma15.py --data-dir /content/FYP --pattern *.csv --lookback-months 12 --train-start 1990-01 --train-end 1994-12 --test-start 1995-01 --test-months 24 --best-config-path best_hyperparameters.txt --max-epochs 20 --batch-size 1024 --seed 62 --max-weight 0.05 --output-dir /content/drive/MyDrive/FYP/phase2_2/gamma_refinement/results/m2_robust_gamma15_seed62_cap05 --checkpoint-dir /content/drive/MyDrive/FYP/phase2_2/gamma_refinement/checkpoints/m2_robust_gamma15_seed62_cap05 --resume-mode auto

=== Sanity Check: Static 5Y Train / 6M Test ===
Loaded 3197287 rows from raw panel.
Using MLPConfig: MLPConfig(input_dim=15, hidden_dims=[64, 32, 16], activation='tanh', dropout=0.0)
Epoch 1/20 finished for M2_ROBUST_GAMMA15.
Epoch 5/20 finished for M2_ROBUST_GAMMA15.
Epoch 10/20 finished for M2_ROBUST_GAMMA15.
Epoch 15/20 finished for M2_ROBUST_GAMMA15.
Epoch 20/20 finished for M2_ROBUST_GAMMA15.
Rebalancing monthly: Top 10% predictions -> Long, Bottom 10% -> Short.
Month 1995-01 | M2_ROBUST_GAMMA15 | MSE 0.044055 | MedSE 0.003093 | R2 -0.0043 | Long 0.0239 | Short 0.0326 | Long-Short -0.0087
Month 1995-02 | M2_ROBUST_GAMMA15 | MSE 0.024033 | MedSE 0.004310 | R2 -0.0292 | Long 0.0543 | Short 0.0207 | Long-Short 0.0335
Month 1995-03 | M2_ROBUST_GAMMA15 | MSE 0.025428 | MedSE 0.003383 | R2 -0.0144 | Long 0.0441 | Short 0.0128 | Long-Short 0.0313
Month 1995-04 | M2_ROBUST_GAMMA15 | MSE 0.029310 | MedSE 0.003689 | R2 -0.0194 | Long 0.0169 | Short 0.0088 | Long-Short 0.0081
Month 1995-05 | M2_ROBUST_GAMMA15 | MSE 0.031488 | MedSE 0.003823 | R2 0.0005 | Long 0.1107 | Short 0.0557 | Long-Short 0.0550
Month 1995-06 | M2_ROBUST_GAMMA15 | MSE 0.030201 | MedSE 0.003906 | R2 -0.0008 | Long 0.1082 | Short 0.0451 | Long-Short 0.0632
Month 1995-07 | M2_ROBUST_GAMMA15 | MSE 0.033974 | MedSE 0.004100 | R2 -0.0046 | Long 0.0412 | Short 0.0500 | Long-Short -0.0088
Month 1995-08 | M2_ROBUST_GAMMA15 | MSE 0.024283 | MedSE 0.003294 | R2 -0.0139 | Long 0.0276 | Short 0.0320 | Long-Short -0.0044
Month 1995-09 | M2_ROBUST_GAMMA15 | MSE 0.026365 | MedSE 0.007602 | R2 -0.3903 | Long -0.0643 | Short -0.0518 | Long-Short -0.0125
Month 1995-10 | M2_ROBUST_GAMMA15 | MSE 0.023890 | MedSE 0.003871 | R2 -0.0379 | Long 0.0222 | Short 0.0215 | Long-Short 0.0007
Month 1995-11 | M2_ROBUST_GAMMA15 | MSE 0.028631 | MedSE 0.004719 | R2 -0.0449 | Long -0.0045 | Short 0.0126 | Long-Short -0.0172
Month 1995-12 | M2_ROBUST_GAMMA15 | MSE 0.031423 | MedSE 0.004742 | R2 -0.0035 | Long 0.0204 | Short 0.0511 | Long-Short -0.0307
Month 1996-01 | M2_ROBUST_GAMMA15 | MSE 0.029916 | MedSE 0.004213 | R2 -0.0052 | Long 0.0775 | Short 0.0126 | Long-Short 0.0649
Month 1996-02 | M2_ROBUST_GAMMA15 | MSE 0.023685 | MedSE 0.004316 | R2 -0.0159 | Long 0.0271 | Short 0.0432 | Long-Short -0.0160
Month 1996-03 | M2_ROBUST_GAMMA15 | MSE 0.034529 | MedSE 0.004833 | R2 -0.0006 | Long 0.1205 | Short 0.0480 | Long-Short 0.0725
Month 1996-04 | M2_ROBUST_GAMMA15 | MSE 0.058618 | MedSE 0.004060 | R2 -0.0052 | Long 0.0824 | Short 0.0592 | Long-Short 0.0231
Month 1996-05 | M2_ROBUST_GAMMA15 | MSE 0.023757 | MedSE 0.005721 | R2 -0.2919 | Long -0.0438 | Short -0.0215 | Long-Short -0.0223
Month 1996-06 | M2_ROBUST_GAMMA15 | MSE 0.034048 | MedSE 0.011415 | R2 -0.7004 | Long -0.1136 | Short -0.0758 | Long-Short -0.0378
Month 1996-07 | M2_ROBUST_GAMMA15 | MSE 0.021218 | MedSE 0.002878 | R2 0.0001 | Long 0.0705 | Short 0.0496 | Long-Short 0.0209
Month 1996-08 | M2_ROBUST_GAMMA15 | MSE 0.021173 | MedSE 0.003532 | R2 -0.0141 | Long 0.0619 | Short 0.0381 | Long-Short 0.0239
Month 1996-09 | M2_ROBUST_GAMMA15 | MSE 0.024774 | MedSE 0.005238 | R2 -0.1850 | Long -0.0512 | Short -0.0349 | Long-Short -0.0163
Month 1996-10 | M2_ROBUST_GAMMA15 | MSE 0.023724 | MedSE 0.003783 | R2 -0.0127 | Long 0.0396 | Short 0.0296 | Long-Short 0.0100
Month 1996-11 | M2_ROBUST_GAMMA15 | MSE 0.025259 | MedSE 0.004959 | R2 -0.0999 | Long -0.0178 | Short -0.0024 | Long-Short -0.0154
Month 1996-12 | M2_ROBUST_GAMMA15 | MSE 0.039159 | MedSE 0.004656 | R2 -0.0090 | Long 0.1084 | Short 0.0763 | Long-Short 0.0322
Saved metrics for M2_ROBUST_GAMMA15 to /content/drive/MyDrive/FYP/phase2_2/gamma_refinement/results/m2_robust_gamma15_seed62_cap05/sanity_metrics_m2_robust_gamma15.csv
Wrote summary to /content/drive/MyDrive/FYP/phase2_2/gamma_refinement/results/m2_robust_gamma15_seed62_cap05/sanity_summary_m2_robust_gamma15.json
Long-Short stats | Cumulative 0.2673 | Std 0.0316 | Sharpe 1.1382
Loss curve saved to /content/drive/MyDrive/FYP/phase2_2/gamma_refinement/results/m2_robust_gamma15_seed62_cap05/m2_robust_gamma15_loss_curve.png
Long-Short return curve saved to /content/drive/MyDrive/FYP/phase2_2/gamma_refinement/results/m2_robust_gamma15_seed62_cap05/m2_robust_gamma15_returns_curve.png
M2_ROBUST_GAMMA15 实验完成。

提示：批量比较 7 个 loss 时，请使用对应 runner 或 run_all_experiments.py。
