run_id=m2_robust_gamma07_seed52_cap05
started_at=2026-05-01T17:38:55.044767+00:00
command=/usr/bin/python3 run_sanity_check_m2_robust_gamma07.py --data-dir /content/FYP --pattern *.csv --lookback-months 12 --train-start 1990-01 --train-end 1994-12 --test-start 1995-01 --test-months 24 --best-config-path best_hyperparameters.txt --max-epochs 20 --batch-size 1024 --seed 52 --max-weight 0.05 --output-dir /content/drive/MyDrive/FYP/phase2_2/gamma_refinement/results/m2_robust_gamma07_seed52_cap05 --checkpoint-dir /content/drive/MyDrive/FYP/phase2_2/gamma_refinement/checkpoints/m2_robust_gamma07_seed52_cap05 --resume-mode auto

=== Sanity Check: Static 5Y Train / 6M Test ===
Loaded 3197287 rows from raw panel.
Using MLPConfig: MLPConfig(input_dim=15, hidden_dims=[64, 32, 16], activation='tanh', dropout=0.0)
Epoch 1/20 finished for M2_ROBUST_GAMMA07.
Epoch 5/20 finished for M2_ROBUST_GAMMA07.
Epoch 10/20 finished for M2_ROBUST_GAMMA07.
Epoch 15/20 finished for M2_ROBUST_GAMMA07.
Epoch 20/20 finished for M2_ROBUST_GAMMA07.
Rebalancing monthly: Top 10% predictions -> Long, Bottom 10% -> Short.
Month 1995-01 | M2_ROBUST_GAMMA07 | MSE 0.044047 | MedSE 0.003087 | R2 -0.0041 | Long 0.0397 | Short -0.0470 | Long-Short 0.0867
Month 1995-02 | M2_ROBUST_GAMMA07 | MSE 0.024072 | MedSE 0.004360 | R2 -0.0308 | Long 0.0581 | Short 0.0517 | Long-Short 0.0064
Month 1995-03 | M2_ROBUST_GAMMA07 | MSE 0.025448 | MedSE 0.003431 | R2 -0.0152 | Long 0.0316 | Short 0.0142 | Long-Short 0.0173
Month 1995-04 | M2_ROBUST_GAMMA07 | MSE 0.029325 | MedSE 0.003713 | R2 -0.0200 | Long 0.0196 | Short -0.0128 | Long-Short 0.0324
Month 1995-05 | M2_ROBUST_GAMMA07 | MSE 0.031515 | MedSE 0.003859 | R2 -0.0003 | Long 0.0682 | Short 0.0857 | Long-Short -0.0175
Month 1995-06 | M2_ROBUST_GAMMA07 | MSE 0.030240 | MedSE 0.003940 | R2 -0.0021 | Long 0.0624 | Short 0.1419 | Long-Short -0.0794
Month 1995-07 | M2_ROBUST_GAMMA07 | MSE 0.033957 | MedSE 0.004138 | R2 -0.0041 | Long 0.0365 | Short -0.0447 | Long-Short 0.0812
Month 1995-08 | M2_ROBUST_GAMMA07 | MSE 0.024294 | MedSE 0.003292 | R2 -0.0143 | Long 0.0269 | Short 0.0114 | Long-Short 0.0155
Month 1995-09 | M2_ROBUST_GAMMA07 | MSE 0.026435 | MedSE 0.007689 | R2 -0.3939 | Long -0.0476 | Short -0.0724 | Long-Short 0.0248
Month 1995-10 | M2_ROBUST_GAMMA07 | MSE 0.023926 | MedSE 0.003890 | R2 -0.0394 | Long 0.0070 | Short 0.0267 | Long-Short -0.0197
Month 1995-11 | M2_ROBUST_GAMMA07 | MSE 0.028644 | MedSE 0.004739 | R2 -0.0454 | Long 0.0289 | Short -0.0145 | Long-Short 0.0434
Month 1995-12 | M2_ROBUST_GAMMA07 | MSE 0.031406 | MedSE 0.004808 | R2 -0.0030 | Long 0.0513 | Short -0.0270 | Long-Short 0.0783
Month 1996-01 | M2_ROBUST_GAMMA07 | MSE 0.029948 | MedSE 0.004265 | R2 -0.0063 | Long 0.0492 | Short 0.0701 | Long-Short -0.0209
Month 1996-02 | M2_ROBUST_GAMMA07 | MSE 0.023675 | MedSE 0.004339 | R2 -0.0155 | Long 0.0306 | Short 0.0017 | Long-Short 0.0289
Month 1996-03 | M2_ROBUST_GAMMA07 | MSE 0.034566 | MedSE 0.004907 | R2 -0.0017 | Long 0.0847 | Short 0.1019 | Long-Short -0.0172
Month 1996-04 | M2_ROBUST_GAMMA07 | MSE 0.058619 | MedSE 0.004056 | R2 -0.0052 | Long 0.0616 | Short 0.1001 | Long-Short -0.0384
Month 1996-05 | M2_ROBUST_GAMMA07 | MSE 0.023657 | MedSE 0.005780 | R2 -0.2865 | Long -0.0253 | Short -0.1530 | Long-Short 0.1277
Month 1996-06 | M2_ROBUST_GAMMA07 | MSE 0.034080 | MedSE 0.011574 | R2 -0.7020 | Long -0.0972 | Short -0.1932 | Long-Short 0.0959
Month 1996-07 | M2_ROBUST_GAMMA07 | MSE 0.021234 | MedSE 0.002882 | R2 -0.0006 | Long 0.0623 | Short 0.0726 | Long-Short -0.0103
Month 1996-08 | M2_ROBUST_GAMMA07 | MSE 0.021205 | MedSE 0.003567 | R2 -0.0156 | Long 0.0183 | Short 0.0798 | Long-Short -0.0615
Month 1996-09 | M2_ROBUST_GAMMA07 | MSE 0.024815 | MedSE 0.005296 | R2 -0.1869 | Long -0.0291 | Short -0.0645 | Long-Short 0.0354
Month 1996-10 | M2_ROBUST_GAMMA07 | MSE 0.023731 | MedSE 0.003759 | R2 -0.0130 | Long 0.0232 | Short 0.0046 | Long-Short 0.0186
Month 1996-11 | M2_ROBUST_GAMMA07 | MSE 0.025306 | MedSE 0.005019 | R2 -0.1019 | Long -0.0158 | Short -0.0195 | Long-Short 0.0037
Month 1996-12 | M2_ROBUST_GAMMA07 | MSE 0.039161 | MedSE 0.004653 | R2 -0.0090 | Long 0.0808 | Short 0.1247 | Long-Short -0.0439
Saved metrics for M2_ROBUST_GAMMA07 to /content/drive/MyDrive/FYP/phase2_2/gamma_refinement/results/m2_robust_gamma07_seed52_cap05/sanity_metrics_m2_robust_gamma07.csv
Wrote summary to /content/drive/MyDrive/FYP/phase2_2/gamma_refinement/results/m2_robust_gamma07_seed52_cap05/sanity_summary_m2_robust_gamma07.json
Long-Short stats | Cumulative 0.4256 | Std 0.0515 | Sharpe 1.0840
Loss curve saved to /content/drive/MyDrive/FYP/phase2_2/gamma_refinement/results/m2_robust_gamma07_seed52_cap05/m2_robust_gamma07_loss_curve.png
Long-Short return curve saved to /content/drive/MyDrive/FYP/phase2_2/gamma_refinement/results/m2_robust_gamma07_seed52_cap05/m2_robust_gamma07_returns_curve.png
M2_ROBUST_GAMMA07 实验完成。

提示：批量比较 7 个 loss 时，请使用对应 runner 或 run_all_experiments.py。
