run_id=m2_robust_gamma05_seed42_cap05
started_at=2026-05-01T17:19:52.882640+00:00
command=/usr/bin/python3 run_sanity_check_m2_robust_gamma05.py --data-dir /content/FYP --pattern *.csv --lookback-months 12 --train-start 1990-01 --train-end 1994-12 --test-start 1995-01 --test-months 24 --best-config-path best_hyperparameters.txt --max-epochs 20 --batch-size 1024 --seed 42 --max-weight 0.05 --output-dir /content/drive/MyDrive/FYP/phase2_2/gamma_refinement/results/m2_robust_gamma05_seed42_cap05 --checkpoint-dir /content/drive/MyDrive/FYP/phase2_2/gamma_refinement/checkpoints/m2_robust_gamma05_seed42_cap05 --resume-mode auto

=== Sanity Check: Static 5Y Train / 6M Test ===
Loaded 3197287 rows from raw panel.
Using MLPConfig: MLPConfig(input_dim=15, hidden_dims=[64, 32, 16], activation='tanh', dropout=0.0)
Epoch 1/20 finished for M2_ROBUST_GAMMA05.
Epoch 5/20 finished for M2_ROBUST_GAMMA05.
Epoch 10/20 finished for M2_ROBUST_GAMMA05.
Epoch 15/20 finished for M2_ROBUST_GAMMA05.
Epoch 20/20 finished for M2_ROBUST_GAMMA05.
Rebalancing monthly: Top 10% predictions -> Long, Bottom 10% -> Short.
Month 1995-01 | M2_ROBUST_GAMMA05 | MSE 0.044065 | MedSE 0.003120 | R2 -0.0045 | Long 0.0304 | Short -0.0356 | Long-Short 0.0660
Month 1995-02 | M2_ROBUST_GAMMA05 | MSE 0.024116 | MedSE 0.004374 | R2 -0.0328 | Long 0.0195 | Short 0.0547 | Long-Short -0.0352
Month 1995-03 | M2_ROBUST_GAMMA05 | MSE 0.025468 | MedSE 0.003443 | R2 -0.0160 | Long 0.0323 | Short 0.0434 | Long-Short -0.0111
Month 1995-04 | M2_ROBUST_GAMMA05 | MSE 0.029342 | MedSE 0.003763 | R2 -0.0205 | Long 0.0471 | Short -0.0068 | Long-Short 0.0539
Month 1995-05 | M2_ROBUST_GAMMA05 | MSE 0.031539 | MedSE 0.003922 | R2 -0.0011 | Long 0.0544 | Short 0.0987 | Long-Short -0.0443
Month 1995-06 | M2_ROBUST_GAMMA05 | MSE 0.030255 | MedSE 0.003960 | R2 -0.0026 | Long 0.0677 | Short 0.1267 | Long-Short -0.0590
Month 1995-07 | M2_ROBUST_GAMMA05 | MSE 0.033971 | MedSE 0.004139 | R2 -0.0045 | Long 0.0408 | Short -0.0455 | Long-Short 0.0863
Month 1995-08 | M2_ROBUST_GAMMA05 | MSE 0.024295 | MedSE 0.003321 | R2 -0.0144 | Long 0.0430 | Short 0.0103 | Long-Short 0.0327
Month 1995-09 | M2_ROBUST_GAMMA05 | MSE 0.026450 | MedSE 0.007776 | R2 -0.3947 | Long -0.0543 | Short -0.0739 | Long-Short 0.0196
Month 1995-10 | M2_ROBUST_GAMMA05 | MSE 0.023956 | MedSE 0.003888 | R2 -0.0407 | Long 0.0568 | Short 0.0344 | Long-Short 0.0224
Month 1995-11 | M2_ROBUST_GAMMA05 | MSE 0.028658 | MedSE 0.004810 | R2 -0.0459 | Long -0.0094 | Short -0.0042 | Long-Short -0.0053
Month 1995-12 | M2_ROBUST_GAMMA05 | MSE 0.031419 | MedSE 0.004850 | R2 -0.0034 | Long 0.0774 | Short -0.0420 | Long-Short 0.1195
Month 1996-01 | M2_ROBUST_GAMMA05 | MSE 0.029957 | MedSE 0.004291 | R2 -0.0066 | Long 0.0564 | Short 0.0663 | Long-Short -0.0099
Month 1996-02 | M2_ROBUST_GAMMA05 | MSE 0.023688 | MedSE 0.004375 | R2 -0.0160 | Long 0.0480 | Short 0.0117 | Long-Short 0.0364
Month 1996-03 | M2_ROBUST_GAMMA05 | MSE 0.034600 | MedSE 0.004918 | R2 -0.0026 | Long 0.0862 | Short 0.1146 | Long-Short -0.0284
Month 1996-04 | M2_ROBUST_GAMMA05 | MSE 0.058624 | MedSE 0.004108 | R2 -0.0053 | Long 0.0337 | Short 0.0947 | Long-Short -0.0610
Month 1996-05 | M2_ROBUST_GAMMA05 | MSE 0.023679 | MedSE 0.005821 | R2 -0.2877 | Long -0.0085 | Short -0.1441 | Long-Short 0.1355
Month 1996-06 | M2_ROBUST_GAMMA05 | MSE 0.034079 | MedSE 0.011547 | R2 -0.7020 | Long -0.0769 | Short -0.1937 | Long-Short 0.1169
Month 1996-07 | M2_ROBUST_GAMMA05 | MSE 0.021252 | MedSE 0.002887 | R2 -0.0015 | Long 0.0621 | Short 0.0742 | Long-Short -0.0121
Month 1996-08 | M2_ROBUST_GAMMA05 | MSE 0.021225 | MedSE 0.003587 | R2 -0.0165 | Long 0.0303 | Short 0.0865 | Long-Short -0.0562
Month 1996-09 | M2_ROBUST_GAMMA05 | MSE 0.024820 | MedSE 0.005335 | R2 -0.1871 | Long -0.0211 | Short -0.0377 | Long-Short 0.0166
Month 1996-10 | M2_ROBUST_GAMMA05 | MSE 0.023740 | MedSE 0.003777 | R2 -0.0134 | Long 0.0441 | Short 0.0147 | Long-Short 0.0294
Month 1996-11 | M2_ROBUST_GAMMA05 | MSE 0.025307 | MedSE 0.005075 | R2 -0.1020 | Long -0.0010 | Short 0.0008 | Long-Short -0.0018
Month 1996-12 | M2_ROBUST_GAMMA05 | MSE 0.039183 | MedSE 0.004701 | R2 -0.0096 | Long 0.0590 | Short 0.1180 | Long-Short -0.0590
Saved metrics for M2_ROBUST_GAMMA05 to /content/drive/MyDrive/FYP/phase2_2/gamma_refinement/results/m2_robust_gamma05_seed42_cap05/sanity_metrics_m2_robust_gamma05.csv
Wrote summary to /content/drive/MyDrive/FYP/phase2_2/gamma_refinement/results/m2_robust_gamma05_seed42_cap05/sanity_summary_m2_robust_gamma05.json
Long-Short stats | Cumulative 0.3662 | Std 0.0584 | Sharpe 0.8696
Loss curve saved to /content/drive/MyDrive/FYP/phase2_2/gamma_refinement/results/m2_robust_gamma05_seed42_cap05/m2_robust_gamma05_loss_curve.png
Long-Short return curve saved to /content/drive/MyDrive/FYP/phase2_2/gamma_refinement/results/m2_robust_gamma05_seed42_cap05/m2_robust_gamma05_returns_curve.png
M2_ROBUST_GAMMA05 实验完成。

提示：批量比较 7 个 loss 时，请使用对应 runner 或 run_all_experiments.py。
