group=baseline
run_id=hybrid_mul_m2
runner_stem=hybrid_mul_m2
artifact_stem=hybrid_mul_m2
branch=main
commit=6c0fbde558b9d79208e9f21c438753be6f7bfa31
started_at_utc=2026-05-10T06:43:45Z
output_dir=/content/drive/MyDrive/FYP/final_report_all_24m_evidence/results/baseline/hybrid_mul_m2
command=python run_sanity_check_hybrid_mul_m2.py --data-dir . --pattern \*.csv --train-start 1990-01 --train-end 1994-12 --test-start 1995-01 --test-months 24 --max-epochs 20 --batch-size 1024 --best-config-path best_hyperparameters.txt --output-dir /content/drive/MyDrive/FYP/final_report_all_24m_evidence/results/baseline/hybrid_mul_m2 --seed 42 

/content/FYP/Model_Train/data_preprocess.py:63: UserWarning: The argument 'infer_datetime_format' is deprecated and will be removed in a future version. A strict version of it is now the default, see https://pandas.pydata.org/pdeps/0004-consistent-to-datetime-parsing.html. You can safely remove this argument.
  parsed_dates = pd.to_datetime(
=== Sanity Check: Static 5Y Train / 6M Test ===
Loaded 3197287 rows from raw panel.
Using MLPConfig: MLPConfig(input_dim=15, hidden_dims=[64, 32, 16], activation='relu', dropout=0.2)
Epoch 1/20 finished for HYBRID_MUL_M2.
Epoch 5/20 finished for HYBRID_MUL_M2.
Epoch 10/20 finished for HYBRID_MUL_M2.
Epoch 15/20 finished for HYBRID_MUL_M2.
Epoch 20/20 finished for HYBRID_MUL_M2.
Rebalancing monthly: Top 10% predictions -> Long, Bottom 10% -> Short.
Month 1995-01 | MSE 0.050263 | MedSE 0.003180 | R2 -0.1459 | Long 0.0471 | Short 0.0291 | Long-Short 0.0180
Month 1995-02 | MSE 0.031888 | MedSE 0.004601 | R2 -0.3656 | Long 0.0141 | Short 0.0130 | Long-Short 0.0011
Month 1995-03 | MSE 0.025613 | MedSE 0.003622 | R2 -0.0218 | Long 0.0317 | Short 0.0313 | Long-Short 0.0004
Month 1995-04 | MSE 0.029529 | MedSE 0.003925 | R2 -0.0271 | Long 0.0286 | Short 0.0147 | Long-Short 0.0139
Month 1995-05 | MSE 0.087596 | MedSE 0.004056 | R2 -1.7804 | Long 0.0341 | Short 0.0604 | Long-Short -0.0263
Month 1995-06 | MSE 0.065988 | MedSE 0.004156 | R2 -1.1867 | Long 0.0494 | Short 0.0619 | Long-Short -0.0125
Month 1995-07 | MSE 0.034087 | MedSE 0.004353 | R2 -0.0080 | Long 0.0296 | Short 0.0507 | Long-Short -0.0211
Month 1995-08 | MSE 0.024454 | MedSE 0.003506 | R2 -0.0210 | Long 0.0214 | Short 0.0318 | Long-Short -0.0104
Month 1995-09 | MSE 0.027356 | MedSE 0.008277 | R2 -0.4425 | Long -0.0434 | Short -0.0470 | Long-Short 0.0035
Month 1995-10 | MSE 0.024190 | MedSE 0.004045 | R2 -0.0509 | Long 0.0322 | Short 0.0156 | Long-Short 0.0166
Month 1995-11 | MSE 0.045664 | MedSE 0.005078 | R2 -0.6666 | Long 0.0138 | Short 0.0010 | Long-Short 0.0128
Month 1995-12 | MSE 0.044979 | MedSE 0.004997 | R2 -0.4365 | Long 0.0183 | Short 0.0465 | Long-Short -0.0282
Month 1996-01 | MSE 0.030053 | MedSE 0.004545 | R2 -0.0098 | Long 0.0278 | Short 0.0369 | Long-Short -0.0091
Month 1996-02 | MSE 0.422391 | MedSE 0.004586 | R2 -17.1175 | Long 0.0273 | Short 0.0250 | Long-Short 0.0023
Month 1996-03 | MSE 0.034521 | MedSE 0.005169 | R2 -0.0003 | Long 0.0512 | Short 0.0625 | Long-Short -0.0113
Month 1996-04 | MSE 0.058512 | MedSE 0.004307 | R2 -0.0034 | Long 0.0565 | Short 0.0685 | Long-Short -0.0120
Month 1996-05 | MSE 0.026145 | MedSE 0.006158 | R2 -0.4218 | Long -0.0298 | Short -0.0248 | Long-Short -0.0051
Month 1996-06 | MSE 0.035027 | MedSE 0.012207 | R2 -0.7493 | Long -0.0593 | Short -0.0723 | Long-Short 0.0130
Month 1996-07 | MSE 0.027811 | MedSE 0.002931 | R2 -0.3106 | Long 0.0425 | Short 0.0382 | Long-Short 0.0043
Month 1996-08 | MSE 0.021346 | MedSE 0.003803 | R2 -0.0224 | Long 0.0270 | Short 0.0287 | Long-Short -0.0018
Month 1996-09 | MSE 0.025483 | MedSE 0.005629 | R2 -0.2189 | Long -0.0317 | Short -0.0116 | Long-Short -0.0201
Month 1996-10 | MSE 0.036845 | MedSE 0.003819 | R2 -0.5729 | Long 0.0464 | Short 0.0173 | Long-Short 0.0292
Month 1996-11 | MSE 0.025943 | MedSE 0.005325 | R2 -0.1297 | Long 0.0083 | Short -0.0183 | Long-Short 0.0266
Month 1996-12 | MSE 0.039034 | MedSE 0.004784 | R2 -0.0058 | Long 0.0842 | Short 0.0682 | Long-Short 0.0160
Saved metrics for hybrid_mul_m2 to /content/drive/MyDrive/FYP/final_report_all_24m_evidence/results/baseline/hybrid_mul_m2/sanity_metrics_hybrid_mul_m2.csv
Wrote summary to /content/drive/MyDrive/FYP/final_report_all_24m_evidence/results/baseline/hybrid_mul_m2/sanity_summary_hybrid_mul_m2.json
Long-Short stats | Cumulative -0.0032 | Std 0.0161 | Sharpe -0.0017
Loss curve saved to /content/drive/MyDrive/FYP/final_report_all_24m_evidence/results/baseline/hybrid_mul_m2/hybrid_mul_m2_loss_curve.png
Long-Short return curve saved to /content/drive/MyDrive/FYP/final_report_all_24m_evidence/results/baseline/hybrid_mul_m2/hybrid_mul_m2_returns_curve.png
hybrid_mul_m2 实验完成。

提示：若要比较多个损失，请分别运行对应 run_sanity_check_*.py 脚本。

ended_at_utc=2026-05-10T06:49:13Z
exit_status=0
Verified baseline/hybrid_mul_m2: 24 rows, 1995-01 to 1996-12
