=== Sanity Check: Static 5Y Train / 6M Test ===
Loaded 3197287 rows from raw panel.
Using MLPConfig: MLPConfig(input_dim=15, hidden_dims=[64, 32, 16], activation='tanh', dropout=0.0)
Epoch 1/20 finished for IMADL_M2_ALPHA06_NORMALIZED.
Epoch 5/20 finished for IMADL_M2_ALPHA06_NORMALIZED.
Epoch 10/20 finished for IMADL_M2_ALPHA06_NORMALIZED.
Epoch 15/20 finished for IMADL_M2_ALPHA06_NORMALIZED.
Epoch 20/20 finished for IMADL_M2_ALPHA06_NORMALIZED.
Rebalancing monthly: Top 10% predictions -> Long, Bottom 10% -> Short.
Month 1995-01 | IMADL_M2_ALPHA06_NORMALIZED | MSE 0.184240 | MedSE 0.139589 | R2 -3.2001 | Long 0.0955 | Short 0.0113 | Long-Short 0.0841
Month 1995-02 | IMADL_M2_ALPHA06_NORMALIZED | MSE 0.170724 | MedSE 0.146995 | R2 -6.3110 | Long -0.0008 | Short 0.0449 | Long-Short -0.0456
Month 1995-03 | IMADL_M2_ALPHA06_NORMALIZED | MSE 0.176558 | MedSE 0.156688 | R2 -6.0436 | Long -0.0029 | Short 0.0206 | Long-Short -0.0235
Month 1995-04 | IMADL_M2_ALPHA06_NORMALIZED | MSE 0.176402 | MedSE 0.143892 | R2 -5.1354 | Long 0.0159 | Short 0.0304 | Long-Short -0.0145
Month 1995-05 | IMADL_M2_ALPHA06_NORMALIZED | MSE 0.167885 | MedSE 0.146786 | R2 -4.3289 | Long 0.0160 | Short 0.0229 | Long-Short -0.0068
Month 1995-06 | IMADL_M2_ALPHA06_NORMALIZED | MSE 0.165293 | MedSE 0.145644 | R2 -4.4774 | Long 0.0485 | Short 0.0365 | Long-Short 0.0120
Month 1995-07 | IMADL_M2_ALPHA06_NORMALIZED | MSE 0.182605 | MedSE 0.160834 | R2 -4.3996 | Long 0.0014 | Short 0.0303 | Long-Short -0.0289
Month 1995-08 | IMADL_M2_ALPHA06_NORMALIZED | MSE 0.181840 | MedSE 0.172264 | R2 -6.5922 | Long 0.0255 | Short 0.0290 | Long-Short -0.0035
Month 1995-09 | IMADL_M2_ALPHA06_NORMALIZED | MSE 0.230739 | MedSE 0.215357 | R2 -11.1671 | Long -0.0055 | Short -0.0139 | Long-Short 0.0085
Month 1995-10 | IMADL_M2_ALPHA06_NORMALIZED | MSE 0.184220 | MedSE 0.165177 | R2 -7.0033 | Long 0.0053 | Short 0.0058 | Long-Short -0.0005
Month 1995-11 | IMADL_M2_ALPHA06_NORMALIZED | MSE 0.197114 | MedSE 0.177472 | R2 -6.1941 | Long 0.0112 | Short 0.0167 | Long-Short -0.0055
Month 1995-12 | IMADL_M2_ALPHA06_NORMALIZED | MSE 0.189599 | MedSE 0.174376 | R2 -5.0551 | Long 0.0253 | Short 0.0311 | Long-Short -0.0058
Month 1996-01 | IMADL_M2_ALPHA06_NORMALIZED | MSE 0.183579 | MedSE 0.171633 | R2 -5.1683 | Long 0.0664 | Short 0.0258 | Long-Short 0.0406
Month 1996-02 | IMADL_M2_ALPHA06_NORMALIZED | MSE 0.184274 | MedSE 0.177824 | R2 -6.9040 | Long 0.0030 | Short 0.0252 | Long-Short -0.0221
Month 1996-03 | IMADL_M2_ALPHA06_NORMALIZED | MSE 0.172151 | MedSE 0.153322 | R2 -3.9887 | Long 0.0043 | Short 0.0253 | Long-Short -0.0210
Month 1996-04 | IMADL_M2_ALPHA06_NORMALIZED | MSE 0.190055 | MedSE 0.156688 | R2 -2.2591 | Long 0.1572 | Short 0.0545 | Long-Short 0.1027
Month 1996-05 | IMADL_M2_ALPHA06_NORMALIZED | MSE 0.230951 | MedSE 0.218805 | R2 -11.5596 | Long -0.0081 | Short -0.0008 | Long-Short -0.0073
Month 1996-06 | IMADL_M2_ALPHA06_NORMALIZED | MSE 0.268408 | MedSE 0.243636 | R2 -12.4047 | Long -0.0098 | Short -0.0349 | Long-Short 0.0251
Month 1996-07 | IMADL_M2_ALPHA06_NORMALIZED | MSE 0.163073 | MedSE 0.148548 | R2 -6.6847 | Long 0.0313 | Short 0.0414 | Long-Short -0.0101
Month 1996-08 | IMADL_M2_ALPHA06_NORMALIZED | MSE 0.169632 | MedSE 0.153257 | R2 -7.1245 | Long 0.0607 | Short 0.0182 | Long-Short 0.0425
Month 1996-09 | IMADL_M2_ALPHA06_NORMALIZED | MSE 0.210200 | MedSE 0.185250 | R2 -9.0540 | Long 0.0041 | Short 0.0485 | Long-Short -0.0444
Month 1996-10 | IMADL_M2_ALPHA06_NORMALIZED | MSE 0.181756 | MedSE 0.162532 | R2 -6.7589 | Long 0.0069 | Short 0.0271 | Long-Short -0.0202
Month 1996-11 | IMADL_M2_ALPHA06_NORMALIZED | MSE 0.206543 | MedSE 0.189300 | R2 -7.9938 | Long -0.0057 | Short 0.0018 | Long-Short -0.0075
Month 1996-12 | IMADL_M2_ALPHA06_NORMALIZED | MSE 0.175162 | MedSE 0.156425 | R2 -3.5133 | Long 0.0480 | Short 0.0413 | Long-Short 0.0067
Saved metrics for IMADL_M2_ALPHA06_NORMALIZED to /content/drive/MyDrive/FYP/phase2.2-fix/results/imadl_m2_alpha06_normalized_seed456/sanity_metrics_imadl_m2_alpha06_normalized.csv
Wrote summary to /content/drive/MyDrive/FYP/phase2.2-fix/results/imadl_m2_alpha06_normalized_seed456/sanity_summary_imadl_m2_alpha06_normalized.json
Long-Short stats | Cumulative 0.0416 | Std 0.0356 | Sharpe 0.2224
Loss curve saved to /content/drive/MyDrive/FYP/phase2.2-fix/results/imadl_m2_alpha06_normalized_seed456/imadl_m2_alpha06_normalized_loss_curve.png
Long-Short return curve saved to /content/drive/MyDrive/FYP/phase2.2-fix/results/imadl_m2_alpha06_normalized_seed456/imadl_m2_alpha06_normalized_returns_curve.png
IMADL_M2_ALPHA06_NORMALIZED 实验完成。

提示：批量比较 7 个 loss 时，请使用对应 runner 或 run_all_experiments.py。
