=== Sanity Check: Static 5Y Train / 6M Test ===
Loaded 3197287 rows from raw panel.
Using MLPConfig: MLPConfig(input_dim=15, hidden_dims=[64, 32, 16], activation='tanh', dropout=0.0)
Epoch 1/20 finished for M2_ROBUST_GAMMA07.
Epoch 5/20 finished for M2_ROBUST_GAMMA07.
Epoch 10/20 finished for M2_ROBUST_GAMMA07.
Epoch 15/20 finished for M2_ROBUST_GAMMA07.
Epoch 20/20 finished for M2_ROBUST_GAMMA07.
Rebalancing monthly: Top 10% predictions -> Long, Bottom 10% -> Short.
Month 1995-01 | M2_ROBUST_GAMMA07 | MSE 0.044061 | MedSE 0.003101 | R2 -0.0045 | Long 0.0337 | Short 0.0049 | Long-Short 0.0288
Month 1995-02 | M2_ROBUST_GAMMA07 | MSE 0.024092 | MedSE 0.004365 | R2 -0.0317 | Long 0.0099 | Short 0.0422 | Long-Short -0.0323
Month 1995-03 | M2_ROBUST_GAMMA07 | MSE 0.025455 | MedSE 0.003416 | R2 -0.0155 | Long 0.0256 | Short 0.0365 | Long-Short -0.0110
Month 1995-04 | M2_ROBUST_GAMMA07 | MSE 0.029333 | MedSE 0.003739 | R2 -0.0202 | Long 0.0266 | Short -0.0020 | Long-Short 0.0286
Month 1995-05 | M2_ROBUST_GAMMA07 | MSE 0.031533 | MedSE 0.003906 | R2 -0.0009 | Long 0.0291 | Short 0.0827 | Long-Short -0.0536
Month 1995-06 | M2_ROBUST_GAMMA07 | MSE 0.030243 | MedSE 0.003940 | R2 -0.0022 | Long 0.0375 | Short 0.0904 | Long-Short -0.0528
Month 1995-07 | M2_ROBUST_GAMMA07 | MSE 0.033972 | MedSE 0.004140 | R2 -0.0045 | Long 0.0334 | Short 0.0172 | Long-Short 0.0161
Month 1995-08 | M2_ROBUST_GAMMA07 | MSE 0.024291 | MedSE 0.003317 | R2 -0.0142 | Long 0.0333 | Short 0.0217 | Long-Short 0.0116
Month 1995-09 | M2_ROBUST_GAMMA07 | MSE 0.026418 | MedSE 0.007704 | R2 -0.3930 | Long -0.0192 | Short -0.0579 | Long-Short 0.0387
Month 1995-10 | M2_ROBUST_GAMMA07 | MSE 0.023939 | MedSE 0.003873 | R2 -0.0400 | Long 0.0038 | Short 0.0402 | Long-Short -0.0363
Month 1995-11 | M2_ROBUST_GAMMA07 | MSE 0.028647 | MedSE 0.004786 | R2 -0.0455 | Long 0.0120 | Short -0.0159 | Long-Short 0.0278
Month 1995-12 | M2_ROBUST_GAMMA07 | MSE 0.031417 | MedSE 0.004817 | R2 -0.0033 | Long 0.0376 | Short 0.0120 | Long-Short 0.0256
Month 1996-01 | M2_ROBUST_GAMMA07 | MSE 0.029948 | MedSE 0.004269 | R2 -0.0063 | Long 0.0182 | Short 0.0486 | Long-Short -0.0303
Month 1996-02 | M2_ROBUST_GAMMA07 | MSE 0.023681 | MedSE 0.004357 | R2 -0.0157 | Long 0.0278 | Short 0.0034 | Long-Short 0.0244
Month 1996-03 | M2_ROBUST_GAMMA07 | MSE 0.034593 | MedSE 0.004895 | R2 -0.0025 | Long 0.0181 | Short 0.1097 | Long-Short -0.0917
Month 1996-04 | M2_ROBUST_GAMMA07 | MSE 0.058621 | MedSE 0.004086 | R2 -0.0052 | Long 0.0490 | Short 0.0915 | Long-Short -0.0426
Month 1996-05 | M2_ROBUST_GAMMA07 | MSE 0.023683 | MedSE 0.005804 | R2 -0.2879 | Long 0.0024 | Short -0.0870 | Long-Short 0.0895
Month 1996-06 | M2_ROBUST_GAMMA07 | MSE 0.034050 | MedSE 0.011509 | R2 -0.7005 | Long -0.0296 | Short -0.1483 | Long-Short 0.1187
Month 1996-07 | M2_ROBUST_GAMMA07 | MSE 0.021246 | MedSE 0.002884 | R2 -0.0012 | Long 0.0255 | Short 0.0729 | Long-Short -0.0474
Month 1996-08 | M2_ROBUST_GAMMA07 | MSE 0.021208 | MedSE 0.003587 | R2 -0.0158 | Long 0.0228 | Short 0.0437 | Long-Short -0.0209
Month 1996-09 | M2_ROBUST_GAMMA07 | MSE 0.024796 | MedSE 0.005326 | R2 -0.1860 | Long 0.0075 | Short -0.0603 | Long-Short 0.0678
Month 1996-10 | M2_ROBUST_GAMMA07 | MSE 0.023733 | MedSE 0.003768 | R2 -0.0131 | Long 0.0264 | Short 0.0228 | Long-Short 0.0036
Month 1996-11 | M2_ROBUST_GAMMA07 | MSE 0.025288 | MedSE 0.005033 | R2 -0.1012 | Long 0.0046 | Short -0.0324 | Long-Short 0.0370
Month 1996-12 | M2_ROBUST_GAMMA07 | MSE 0.039178 | MedSE 0.004688 | R2 -0.0095 | Long 0.0465 | Short 0.1038 | Long-Short -0.0573
Saved metrics for M2_ROBUST_GAMMA07 to /content/drive/MyDrive/FYP/phase2.2-fix/results/m2_robust_gamma07_seed42/sanity_metrics_m2_robust_gamma07.csv
Wrote summary to /content/drive/MyDrive/FYP/phase2.2-fix/results/m2_robust_gamma07_seed42/sanity_summary_m2_robust_gamma07.json
Long-Short stats | Cumulative 0.0130 | Std 0.0506 | Sharpe 0.1198
Loss curve saved to /content/drive/MyDrive/FYP/phase2.2-fix/results/m2_robust_gamma07_seed42/m2_robust_gamma07_loss_curve.png
Long-Short return curve saved to /content/drive/MyDrive/FYP/phase2.2-fix/results/m2_robust_gamma07_seed42/m2_robust_gamma07_returns_curve.png
M2_ROBUST_GAMMA07 实验完成。

提示：批量比较 7 个 loss 时，请使用对应 runner 或 run_all_experiments.py。
